Archive member included to satisfy reference by file (symbol)

c:/mounriver/mounriver_studio2/resources/app/resources/win32/components/wch/toolchain/risc-v embedded gcc12/bin/../lib/gcc/riscv-wch-elf/12.2.0/../../../../riscv-wch-elf/lib/rv32imac_zba_zbb_zbc_zbs_xw/ilp32\libm_nano.a(lib_a-sf_sin.o)
                              ./User/main.o (sinf)
c:/mounriver/mounriver_studio2/resources/app/resources/win32/components/wch/toolchain/risc-v embedded gcc12/bin/../lib/gcc/riscv-wch-elf/12.2.0/../../../../riscv-wch-elf/lib/rv32imac_zba_zbb_zbc_zbs_xw/ilp32\libm_nano.a(lib_a-wf_pow.o)
                              ./User/main.o (powf)
c:/mounriver/mounriver_studio2/resources/app/resources/win32/components/wch/toolchain/risc-v embedded gcc12/bin/../lib/gcc/riscv-wch-elf/12.2.0/../../../../riscv-wch-elf/lib/rv32imac_zba_zbb_zbc_zbs_xw/ilp32\libm_nano.a(lib_a-ef_pow.o)
                              c:/mounriver/mounriver_studio2/resources/app/resources/win32/components/wch/toolchain/risc-v embedded gcc12/bin/../lib/gcc/riscv-wch-elf/12.2.0/../../../../riscv-wch-elf/lib/rv32imac_zba_zbb_zbc_zbs_xw/ilp32\libm_nano.a(lib_a-wf_pow.o) (__ieee754_powf)
c:/mounriver/mounriver_studio2/resources/app/resources/win32/components/wch/toolchain/risc-v embedded gcc12/bin/../lib/gcc/riscv-wch-elf/12.2.0/../../../../riscv-wch-elf/lib/rv32imac_zba_zbb_zbc_zbs_xw/ilp32\libm_nano.a(lib_a-ef_rem_pio2.o)
                              c:/mounriver/mounriver_studio2/resources/app/resources/win32/components/wch/toolchain/risc-v embedded gcc12/bin/../lib/gcc/riscv-wch-elf/12.2.0/../../../../riscv-wch-elf/lib/rv32imac_zba_zbb_zbc_zbs_xw/ilp32\libm_nano.a(lib_a-sf_sin.o) (__ieee754_rem_pio2f)
c:/mounriver/mounriver_studio2/resources/app/resources/win32/components/wch/toolchain/risc-v embedded gcc12/bin/../lib/gcc/riscv-wch-elf/12.2.0/../../../../riscv-wch-elf/lib/rv32imac_zba_zbb_zbc_zbs_xw/ilp32\libm_nano.a(lib_a-ef_sqrt.o)
                              c:/mounriver/mounriver_studio2/resources/app/resources/win32/components/wch/toolchain/risc-v embedded gcc12/bin/../lib/gcc/riscv-wch-elf/12.2.0/../../../../riscv-wch-elf/lib/rv32imac_zba_zbb_zbc_zbs_xw/ilp32\libm_nano.a(lib_a-ef_pow.o) (__ieee754_sqrtf)
c:/mounriver/mounriver_studio2/resources/app/resources/win32/components/wch/toolchain/risc-v embedded gcc12/bin/../lib/gcc/riscv-wch-elf/12.2.0/../../../../riscv-wch-elf/lib/rv32imac_zba_zbb_zbc_zbs_xw/ilp32\libm_nano.a(lib_a-kf_cos.o)
                              c:/mounriver/mounriver_studio2/resources/app/resources/win32/components/wch/toolchain/risc-v embedded gcc12/bin/../lib/gcc/riscv-wch-elf/12.2.0/../../../../riscv-wch-elf/lib/rv32imac_zba_zbb_zbc_zbs_xw/ilp32\libm_nano.a(lib_a-sf_sin.o) (__kernel_cosf)
c:/mounriver/mounriver_studio2/resources/app/resources/win32/components/wch/toolchain/risc-v embedded gcc12/bin/../lib/gcc/riscv-wch-elf/12.2.0/../../../../riscv-wch-elf/lib/rv32imac_zba_zbb_zbc_zbs_xw/ilp32\libm_nano.a(lib_a-kf_rem_pio2.o)
                              c:/mounriver/mounriver_studio2/resources/app/resources/win32/components/wch/toolchain/risc-v embedded gcc12/bin/../lib/gcc/riscv-wch-elf/12.2.0/../../../../riscv-wch-elf/lib/rv32imac_zba_zbb_zbc_zbs_xw/ilp32\libm_nano.a(lib_a-ef_rem_pio2.o) (__kernel_rem_pio2f)
c:/mounriver/mounriver_studio2/resources/app/resources/win32/components/wch/toolchain/risc-v embedded gcc12/bin/../lib/gcc/riscv-wch-elf/12.2.0/../../../../riscv-wch-elf/lib/rv32imac_zba_zbb_zbc_zbs_xw/ilp32\libm_nano.a(lib_a-kf_sin.o)
                              c:/mounriver/mounriver_studio2/resources/app/resources/win32/components/wch/toolchain/risc-v embedded gcc12/bin/../lib/gcc/riscv-wch-elf/12.2.0/../../../../riscv-wch-elf/lib/rv32imac_zba_zbb_zbc_zbs_xw/ilp32\libm_nano.a(lib_a-sf_sin.o) (__kernel_sinf)
c:/mounriver/mounriver_studio2/resources/app/resources/win32/components/wch/toolchain/risc-v embedded gcc12/bin/../lib/gcc/riscv-wch-elf/12.2.0/../../../../riscv-wch-elf/lib/rv32imac_zba_zbb_zbc_zbs_xw/ilp32\libm_nano.a(lib_a-math_errf.o)
                              c:/mounriver/mounriver_studio2/resources/app/resources/win32/components/wch/toolchain/risc-v embedded gcc12/bin/../lib/gcc/riscv-wch-elf/12.2.0/../../../../riscv-wch-elf/lib/rv32imac_zba_zbb_zbc_zbs_xw/ilp32\libm_nano.a(lib_a-ef_pow.o) (__math_uflowf)
c:/mounriver/mounriver_studio2/resources/app/resources/win32/components/wch/toolchain/risc-v embedded gcc12/bin/../lib/gcc/riscv-wch-elf/12.2.0/../../../../riscv-wch-elf/lib/rv32imac_zba_zbb_zbc_zbs_xw/ilp32\libm_nano.a(lib_a-sf_fabs.o)
                              c:/mounriver/mounriver_studio2/resources/app/resources/win32/components/wch/toolchain/risc-v embedded gcc12/bin/../lib/gcc/riscv-wch-elf/12.2.0/../../../../riscv-wch-elf/lib/rv32imac_zba_zbb_zbc_zbs_xw/ilp32\libm_nano.a(lib_a-ef_pow.o) (fabsf)
[...]
Memory Configuration

Name             Origin             Length             Attributes
FLASH            0x0000000000000000 0x0000000000010000 xr
RAM_CODE         0x0000000020100000 0x0000000000010000 xrw
RAM              0x0000000020110100 0x000000000006ff00 xrw
RAM_LOAD         0x0000000020110000 0x0000000000000100 xrw
*default*        0x0000000000000000 0xffffffffffffffff

Linker script and memory map

LOAD ./User/ch32h417_it.o
LOAD ./User/main.o
LOAD ./User/system_ch32h417.o
LOAD ./Startup/startup_ch32h417_v3f.o
LOAD ./Peripheral/src/ch32h417_adc.o
LOAD ./Peripheral/src/ch32h417_can.o
LOAD ./Peripheral/src/ch32h417_crc.o
LOAD ./Peripheral/src/ch32h417_dac.o
LOAD ./Peripheral/src/ch32h417_dbgmcu.o
LOAD ./Peripheral/src/ch32h417_dfsdm.o
LOAD ./Peripheral/src/ch32h417_dma.o
LOAD ./Peripheral/src/ch32h417_dvp.o
LOAD ./Peripheral/src/ch32h417_ecdc.o
LOAD ./Peripheral/src/ch32h417_eth.o
LOAD ./Peripheral/src/ch32h417_exti.o
LOAD ./Peripheral/src/ch32h417_flash.o
LOAD ./Peripheral/src/ch32h417_fmc.o
LOAD ./Peripheral/src/ch32h417_gpha.o
LOAD ./Peripheral/src/ch32h417_gpio.o
LOAD ./Peripheral/src/ch32h417_hsadc.o
LOAD ./Peripheral/src/ch32h417_hsem.o
LOAD ./Peripheral/src/ch32h417_i2c.o
LOAD ./Peripheral/src/ch32h417_i3c.o
LOAD ./Peripheral/src/ch32h417_ipc.o
LOAD ./Peripheral/src/ch32h417_iwdg.o
LOAD ./Peripheral/src/ch32h417_lptim.o
LOAD ./Peripheral/src/ch32h417_ltdc.o
LOAD ./Peripheral/src/ch32h417_opa.o
LOAD ./Peripheral/src/ch32h417_pwr.o
LOAD ./Peripheral/src/ch32h417_qspi.o
LOAD ./Peripheral/src/ch32h417_rcc.o
LOAD ./Peripheral/src/ch32h417_rng.o
LOAD ./Peripheral/src/ch32h417_rtc.o
LOAD ./Peripheral/src/ch32h417_sai.o
LOAD ./Peripheral/src/ch32h417_sdio.o
LOAD ./Peripheral/src/ch32h417_sdmmc.o
LOAD ./Peripheral/src/ch32h417_serdes.o
LOAD ./Peripheral/src/ch32h417_spi.o
LOAD ./Peripheral/src/ch32h417_swpmi.o
LOAD ./Peripheral/src/ch32h417_tim.o
LOAD ./Peripheral/src/ch32h417_usart.o
LOAD ./Peripheral/src/ch32h417_wwdg.o
LOAD ./Debug/debug.o
LOAD ./Core/core_riscv.o
LOAD ./Common/hardware.o
LOAD c:/mounriver/mounriver_studio2/resources/app/resources/win32/components/wch/toolchain/risc-v embedded gcc12/bin/../lib/gcc/riscv-wch-elf/12.2.0/../../../../riscv-wch-elf/lib/rv32imac_zba_zbb_zbc_zbs_xw/ilp32\libm_nano.a
LOAD c:/mounriver/mounriver_studio2/resources/app/resources/win32/components/wch/toolchain/risc-v embedded gcc12/bin/../lib/gcc/riscv-wch-elf/12.2.0/rv32imac_zba_zbb_zbc_zbs_xw/ilp32\libgcc.a
LOAD c:/mounriver/mounriver_studio2/resources/app/resources/win32/components/wch/toolchain/risc-v embedded gcc12/bin/../lib/gcc/riscv-wch-elf/12.2.0/../../../../riscv-wch-elf/lib/rv32imac_zba_zbb_zbc_zbs_xw/ilp32\libg_nano.a
LOAD c:/mounriver/mounriver_studio2/resources/app/resources/win32/components/wch/toolchain/risc-v embedded gcc12/bin/../lib/gcc/riscv-wch-elf/12.2.0/../../../../riscv-wch-elf/lib/rv32imac_zba_zbb_zbc_zbs_xw/ilp32\libc_nano.a
LOAD c:/mounriver/mounriver_studio2/resources/app/resources/win32/components/wch/toolchain/risc-v embedded gcc12/bin/../lib/gcc/riscv-wch-elf/12.2.0/rv32imac_zba_zbb_zbc_zbs_xw/ilp32\libgcc.a
START GROUP
LOAD c:/mounriver/mounriver_studio2/resources/app/resources/win32/components/wch/toolchain/risc-v embedded gcc12/bin/../lib/gcc/riscv-wch-elf/12.2.0/rv32imac_zba_zbb_zbc_zbs_xw/ilp32\libgcc.a
LOAD c:/mounriver/mounriver_studio2/resources/app/resources/win32/components/wch/toolchain/risc-v embedded gcc12/bin/../lib/gcc/riscv-wch-elf/12.2.0/../../../../riscv-wch-elf/lib/rv32imac_zba_zbb_zbc_zbs_xw/ilp32\libc_nano.a
LOAD c:/mounriver/mounriver_studio2/resources/app/resources/win32/components/wch/toolchain/risc-v embedded gcc12/bin/../lib/gcc/riscv-wch-elf/12.2.0/../../../../riscv-wch-elf/lib/rv32imac_zba_zbb_zbc_zbs_xw/ilp32\libnosys.a
END GROUP
START GROUP
LOAD c:/mounriver/mounriver_studio2/resources/app/resources/win32/components/wch/toolchain/risc-v embedded gcc12/bin/../lib/gcc/riscv-wch-elf/12.2.0/rv32imac_zba_zbb_zbc_zbs_xw/ilp32\libgcc.a
LOAD c:/mounriver/mounriver_studio2/resources/app/resources/win32/components/wch/toolchain/risc-v embedded gcc12/bin/../lib/gcc/riscv-wch-elf/12.2.0/../../../../riscv-wch-elf/lib/rv32imac_zba_zbb_zbc_zbs_xw/ilp32\libc_nano.a
LOAD c:/mounriver/mounriver_studio2/resources/app/resources/win32/components/wch/toolchain/risc-v embedded gcc12/bin/../lib/gcc/riscv-wch-elf/12.2.0/../../../../riscv-wch-elf/lib/rv32imac_zba_zbb_zbc_zbs_xw/ilp32\libnosys.a
END GROUP
                0x0000000000000800                __stack_size = 0x800
                [!provide]                        PROVIDE (_stack_size = __stack_size)

.init           0x0000000000000000        0x8
                0x0000000000000000                _sinit = .
                0x0000000000000000                . = ALIGN (0x4)
 *(SORT_NONE(.init))
 .init          0x0000000000000000        0x6 ./Startup/startup_ch32h417_v3f.o
                0x0000000000000000                _start
                0x0000000000000008                . = ALIGN (0x4)
 *fill*         0x0000000000000006        0x2 
                0x0000000000000008                _einit = .

.loadcodelalign
                0x0000000000000008        0x0
                0x0000000000000008                . = ALIGN (0x4)
                0x0000000000000008                PROVIDE (_loadcode_lma = .)

.loadcode       0x0000000020110000       0xe4 load address 0x0000000000000008
                0x0000000020110000                . = ALIGN (0x4)
                0x0000000020110000                PROVIDE (_loadcode_vma_start = .)
 *(.load)
 .load          0x0000000020110000       0xe2 ./Startup/startup_ch32h417_v3f.o
                0x00000000201100e4                . = ALIGN (0x4)
 *fill*         0x00000000201100e2        0x2 
                0x00000000201100e4                PROVIDE (_loadcode_vma_end = .)

.highcodelalign
                0x00000000000000ec        0x0
                0x00000000000000ec                . = ALIGN (0x4)
                0x00000000000000ec                PROVIDE (_highcode_lma = .)

.highcode       0x0000000020100000     0x62c4 load address 0x00000000000000ec
                0x0000000020100000                . = ALIGN (0x4)
                0x0000000020100000                PROVIDE (_highcode_vma_start = .)
 *(.vector)
 .vector        0x0000000020100000      0x254 ./Startup/startup_ch32h417_v3f.o
 *(SORT_NONE(.vector_handler))
 *(.text)
 .text          0x0000000020100254       0x60 c:/mounriver/mounriver_studio2/resources/app/resources/win32/components/wch/toolchain/risc-v embedded gcc12/bin/../lib/gcc/riscv-wch-elf/12.2.0/rv32imac_zba_zbb_zbc_zbs_xw/ilp32\libgcc.a(save-restore.o)
                0x0000000020100254                __riscv_save_12
                0x000000002010025c                __riscv_save_9
                0x000000002010025c                __riscv_save_11
                0x000000002010025c                __riscv_save_10
                0x000000002010025c                __riscv_save_8
                0x000000002010026a                __riscv_save_4
                0x000000002010026a                __riscv_save_6
                0x000000002010026a                __riscv_save_5
                0x000000002010026a                __riscv_save_7
                0x0000000020100284                __riscv_save_3
                0x0000000020100284                __riscv_save_2
                0x0000000020100284                __riscv_save_1
                0x0000000020100284                __riscv_save_0
                0x0000000020100290                __riscv_restore_12
                0x0000000020100294                __riscv_restore_11
                0x0000000020100294                __riscv_restore_9
                0x0000000020100294                __riscv_restore_10
                0x0000000020100294                __riscv_restore_8
                0x000000002010029e                __riscv_restore_5
                0x000000002010029e                __riscv_restore_7
                0x000000002010029e                __riscv_restore_6
                0x000000002010029e                __riscv_restore_4
                0x00000000201002a8                __riscv_restore_3
                0x00000000201002a8                __riscv_restore_0
                0x00000000201002a8                __riscv_restore_2
                0x00000000201002a8                __riscv_restore_1
 .text          0x00000000201002b4       0x10 c:/mounriver/mounriver_studio2/resources/app/resources/win32/components/wch/toolchain/risc-v embedded gcc12/bin/../lib/gcc/riscv-wch-elf/12.2.0/../../../../riscv-wch-elf/lib/rv32imac_zba_zbb_zbc_zbs_xw/ilp32\libg_nano.a(lib_a-memset.o)
                0x00000000201002b4                memset
 .text          0x00000000201002c4       0x16 c:/mounriver/mounriver_studio2/resources/app/resources/win32/components/wch/toolchain/risc-v embedded gcc12/bin/../lib/gcc/riscv-wch-elf/12.2.0/../../../../riscv-wch-elf/lib/rv32imac_zba_zbb_zbc_zbs_xw/ilp32\libg_nano.a(lib_a-memcpy-asm.o)
                0x00000000201002c4                memcpy
 .text          0x00000000201002da       0x26 c:/mounriver/mounriver_studio2/resources/app/resources/win32/components/wch/toolchain/risc-v embedded gcc12/bin/../lib/gcc/riscv-wch-elf/12.2.0/../../../../riscv-wch-elf/lib/rv32imac_zba_zbb_zbc_zbs_xw/ilp32\libg_nano.a(lib_a-memmove.o)
                0x00000000201002da                memmove
 *(.text.*)
 .text.NMI_Handler
                0x0000000020100300        0x2 ./User/ch32h417_it.o
                0x0000000020100300                NMI_Handler
 .text.HardFault_Handler
                0x0000000020100302       0x10 ./User/ch32h417_it.o
                0x0000000020100302                HardFault_Handler
 .text.dual_printf
                0x0000000020100312       0x6e ./User/main.o
 .text.print_menu
                0x0000000020100380       0x5c ./User/main.o
 .text.TIM6_IRQHandler
                0x00000000201003dc      0x118 ./User/main.o
                0x00000000201003dc                TIM6_IRQHandler
 .text.startup.main
                0x00000000201004f4      0x48c ./User/main.o
                0x00000000201004f4                main
 .text.SystemInit
                0x0000000020100980      0x1b4 ./User/system_ch32h417.o
                0x0000000020100980                SystemInit
 .text.SystemAndCoreClockUpdate
                0x0000000020100b34      0x16a ./User/system_ch32h417.o
                0x0000000020100b34                SystemAndCoreClockUpdate
 .text.vector_handler
                0x0000000020100c9e        0x2 ./Startup/startup_ch32h417_v3f.o
                0x0000000020100c9e                TIM8_TRG_COM_IRQHandler
                0x0000000020100c9e                TIM8_CC_IRQHandler
                0x0000000020100c9e                USART_WKUP_IRQHandler
                0x0000000020100c9e                SPI4_IRQHandler
                0x0000000020100c9e                DFSDM0_IRQHandler
                0x0000000020100c9e                TIM1_CC_IRQHandler
                0x0000000020100c9e                TIM10_IRQHandler
                0x0000000020100c9e                IPC_CH2_Handler
                0x0000000020100c9e                USBPD_IRQHandler
                0x0000000020100c9e                CAN3_RX1_IRQHandler
                0x0000000020100c9e                I3C_ER_IRQHandler
                0x0000000020100c9e                SDIO_IRQHandler
                0x0000000020100c9e                DMA2_Channel8_IRQHandler
                0x0000000020100c9e                CAN2_RX1_IRQHandler
                0x0000000020100c9e                HSEM_Handler
                0x0000000020100c9e                USBHS_IRQHandler
                0x0000000020100c9e                LPTIM2_IRQHandler
                0x0000000020100c9e                USBFSWakeup_IRQHandler
                0x0000000020100c9e                I2C3_ER_IRQHandler
                0x0000000020100c9e                USBFS_IRQHandler
                0x0000000020100c9e                USART8_IRQHandler
                0x0000000020100c9e                I2C2_EV_IRQHandler
                0x0000000020100c9e                CAN1_RX0_IRQHandler
                0x0000000020100c9e                CAN3_SCE_IRQHandler
                0x0000000020100c9e                CAN2_SCE_IRQHandler
                0x0000000020100c9e                ADC1_2_IRQHandler
                0x0000000020100c9e                Break_Point_Handler
                0x0000000020100c9e                IPC_CH0_Handler
                0x0000000020100c9e                SPI1_IRQHandler
                0x0000000020100c9e                USART5_IRQHandler
                0x0000000020100c9e                SysTick0_Handler
                0x0000000020100c9e                EXTI7_0_IRQHandler
                0x0000000020100c9e                CAN2_RX0_IRQHandler
                0x0000000020100c9e                TIM8_UP_IRQHandler
                0x0000000020100c9e                Ecall_M_Mode_Handler
                0x0000000020100c9e                ECDC_IRQHandler
                0x0000000020100c9e                SDMMC_IRQHandler
                0x0000000020100c9e                USART7_IRQHandler
                0x0000000020100c9e                DMA2_Channel2_IRQHandler
                0x0000000020100c9e                DMA1_Channel4_IRQHandler
                0x0000000020100c9e                USART6_IRQHandler
                0x0000000020100c9e                CAN3_RX0_IRQHandler
                0x0000000020100c9e                HSADC_IRQHandler
                0x0000000020100c9e                USART3_IRQHandler
                0x0000000020100c9e                RTC_IRQHandler
                0x0000000020100c9e                DMA1_Channel7_IRQHandler
                0x0000000020100c9e                CAN1_RX1_IRQHandler
                0x0000000020100c9e                DVP_IRQHandler
                0x0000000020100c9e                USBSS_IRQHandler
                0x0000000020100c9e                SWPMI_IRQHandler
                0x0000000020100c9e                USBPDWakeUp_IRQHandler
                0x0000000020100c9e                EXTI15_8_IRQHandler
                0x0000000020100c9e                TIM4_IRQHandler
                0x0000000020100c9e                DMA2_Channel1_IRQHandler
                0x0000000020100c9e                SWPMI_WKUP_IRQHandler
                0x0000000020100c9e                I2C1_EV_IRQHandler
                0x0000000020100c9e                USBSSWakeup_IRQHandler
                0x0000000020100c9e                USART4_IRQHandler
                0x0000000020100c9e                DMA1_Channel6_IRQHandler
                0x0000000020100c9e                DMA2_Channel4_IRQHandler
                0x0000000020100c9e                TIM3_IRQHandler
                0x0000000020100c9e                RCC_IRQHandler
                0x0000000020100c9e                TIM1_TRG_COM_IRQHandler
                0x0000000020100c9e                DMA1_Channel1_IRQHandler
                0x0000000020100c9e                DMA2_Channel7_IRQHandler
                0x0000000020100c9e                QSPI1_IRQHandler
                0x0000000020100c9e                DMA1_Channel8_IRQHandler
                0x0000000020100c9e                IPC_CH3_Handler
                0x0000000020100c9e                I3C_EV_IRQHandler
                0x0000000020100c9e                I3C_WKUP_IRQHandler
                0x0000000020100c9e                TIM12_IRQHandler
                0x0000000020100c9e                TIM7_IRQHandler
                0x0000000020100c9e                CAN2_TX_IRQHandler
                0x0000000020100c9e                TIM5_IRQHandler
                0x0000000020100c9e                I2C3_EV_IRQHandler
                0x0000000020100c9e                PIOC_IRQHandler
                0x0000000020100c9e                TIM9_IRQHandler
                0x0000000020100c9e                LTDC_IRQHandler
                0x0000000020100c9e                SAI_IRQHandler
                0x0000000020100c9e                ETH_WKUP_IRQHandler
                0x0000000020100c9e                SPI2_IRQHandler
                0x0000000020100c9e                IPC_CH1_Handler
                0x0000000020100c9e                LPTIM1_WKUP_IRQHandler
                0x0000000020100c9e                CAN1_TX_IRQHandler
                0x0000000020100c9e                DMA2_Channel5_IRQHandler
                0x0000000020100c9e                DMA1_Channel5_IRQHandler
                0x0000000020100c9e                QSPI2_IRQHandler
                0x0000000020100c9e                RNG_IRQHandler
                0x0000000020100c9e                DMA1_Channel3_IRQHandler
                0x0000000020100c9e                ETH_IRQHandler
                0x0000000020100c9e                TIM1_UP_IRQHandler
                0x0000000020100c9e                WWDG_IRQHandler
                0x0000000020100c9e                USBHSWakeup_IRQHandler
                0x0000000020100c9e                Ecall_U_Mode_Handler
                0x0000000020100c9e                I2C4_EV_IRQHandler
                0x0000000020100c9e                CAN3_TX_IRQHandler
                0x0000000020100c9e                DMA2_Channel6_IRQHandler
                0x0000000020100c9e                TIM2_IRQHandler
                0x0000000020100c9e                SW_Handler
                0x0000000020100c9e                TIM1_BRK_IRQHandler
                0x0000000020100c9e                GPHA_IRQHandler
                0x0000000020100c9e                LPTIM2_WKUP_IRQHandler
                0x0000000020100c9e                RTCAlarm_IRQHandler
                0x0000000020100c9e                TIM11_IRQHandler
                0x0000000020100c9e                USART2_IRQHandler
                0x0000000020100c9e                UHSIF_IRQHandler
                0x0000000020100c9e                I2C2_ER_IRQHandler
                0x0000000020100c9e                DMA1_Channel2_IRQHandler
                0x0000000020100c9e                TIM8_BRK_IRQHandler
                0x0000000020100c9e                CAN1_SCE_IRQHandler
                0x0000000020100c9e                FLASH_IRQHandler
                0x0000000020100c9e                USART1_IRQHandler
                0x0000000020100c9e                SPI3_IRQHandler
                0x0000000020100c9e                I2C1_ER_IRQHandler
                0x0000000020100c9e                FMC_IRQHandler
                0x0000000020100c9e                SysTick1_Handler
                0x0000000020100c9e                LPTIM1_IRQHandler
                0x0000000020100c9e                DFSDM1_IRQHandler
                0x0000000020100c9e                I2C4_ER_IRQHandler
                0x0000000020100c9e                SERDES_IRQHandler
                0x0000000020100c9e                USBSS_LINK_IRQHandler
                0x0000000020100c9e                DMA2_Channel3_IRQHandler
 .text.DAC_Init
                0x0000000020100ca0       0x2e ./Peripheral/src/ch32h417_dac.o
                0x0000000020100ca0                DAC_Init
 .text.DAC_Cmd  0x0000000020100cce       0x1e ./Peripheral/src/ch32h417_dac.o
                0x0000000020100cce                DAC_Cmd
 .text.DAC_SetChannel1Data
                0x0000000020100cec       0x1e ./Peripheral/src/ch32h417_dac.o
                0x0000000020100cec                DAC_SetChannel1Data
 .text.FLASH_BOOT_GetMode
                0x0000000020100d0a       0x36 ./Peripheral/src/ch32h417_flash.o
                0x0000000020100d0a                FLASH_BOOT_GetMode
 .text.FLASH_GetUserOptionByte
                0x0000000020100d40        0xa ./Peripheral/src/ch32h417_flash.o
                0x0000000020100d40                FLASH_GetUserOptionByte
 .text.GPIO_Init
                0x0000000020100d4a       0xe0 ./Peripheral/src/ch32h417_gpio.o
                0x0000000020100d4a                GPIO_Init
 .text.GPIO_PinAFConfig
                0x0000000020100e2a      0x1e8 ./Peripheral/src/ch32h417_gpio.o
                0x0000000020100e2a                GPIO_PinAFConfig
 .text.GPIO_IPD_Unused
                0x0000000020101012      0x226 ./Peripheral/src/ch32h417_gpio.o
                0x0000000020101012                GPIO_IPD_Unused
 .text.RCC_GetClocksFreq
                0x0000000020101238      0x1a2 ./Peripheral/src/ch32h417_rcc.o
                0x0000000020101238                RCC_GetClocksFreq
 .text.RCC_HB2PeriphClockCmd
                0x00000000201013da       0x1c ./Peripheral/src/ch32h417_rcc.o
                0x00000000201013da                RCC_HB2PeriphClockCmd
 .text.RCC_HB1PeriphClockCmd
                0x00000000201013f6       0x1c ./Peripheral/src/ch32h417_rcc.o
                0x00000000201013f6                RCC_HB1PeriphClockCmd
 .text.TIM_TimeBaseInit
                0x0000000020101412       0x7c ./Peripheral/src/ch32h417_tim.o
                0x0000000020101412                TIM_TimeBaseInit
 .text.TIM_Cmd  0x000000002010148e       0x18 ./Peripheral/src/ch32h417_tim.o
                0x000000002010148e                TIM_Cmd
 .text.TIM_ITConfig
                0x00000000201014a6       0x12 ./Peripheral/src/ch32h417_tim.o
                0x00000000201014a6                TIM_ITConfig
 .text.TIM_GetITStatus
                0x00000000201014b8       0x18 ./Peripheral/src/ch32h417_tim.o
                0x00000000201014b8                TIM_GetITStatus
 .text.TIM_ClearITPendingBit
                0x00000000201014d0        0xc ./Peripheral/src/ch32h417_tim.o
                0x00000000201014d0                TIM_ClearITPendingBit
 .text.USART_Init
                0x00000000201014dc       0xae ./Peripheral/src/ch32h417_usart.o
                0x00000000201014dc                USART_Init
 .text.USART_Cmd
                0x000000002010158a       0x14 ./Peripheral/src/ch32h417_usart.o
                0x000000002010158a                USART_Cmd
 .text.USART_SendData
                0x000000002010159e        0x8 ./Peripheral/src/ch32h417_usart.o
                0x000000002010159e                USART_SendData
 .text.USART_ReceiveData
                0x00000000201015a6        0x8 ./Peripheral/src/ch32h417_usart.o
                0x00000000201015a6                USART_ReceiveData
 .text.USART_GetFlagStatus
                0x00000000201015ae        0xa ./Peripheral/src/ch32h417_usart.o
                0x00000000201015ae                USART_GetFlagStatus
 .text.Delay_Init
                0x00000000201015b8       0x22 ./Debug/debug.o
                0x00000000201015b8                Delay_Init
 .text.Delay_Ms
                0x00000000201015da       0x32 ./Debug/debug.o
                0x00000000201015da                Delay_Ms
 .text.USART_Printf_Init
                0x000000002010160c       0x6e ./Debug/debug.o
                0x000000002010160c                USART_Printf_Init
 .text._write   0x000000002010167a       0x3a ./Debug/debug.o
                0x000000002010167a                _write
 .text._sbrk    0x00000000201016b4       0x26 ./Debug/debug.o
                0x00000000201016b4                _sbrk
 .text.sinf     0x00000000201016da       0x6e c:/mounriver/mounriver_studio2/resources/app/resources/win32/components/wch/toolchain/risc-v embedded gcc12/bin/../lib/gcc/riscv-wch-elf/12.2.0/../../../../riscv-wch-elf/lib/rv32imac_zba_zbb_zbc_zbs_xw/ilp32\libm_nano.a(lib_a-sf_sin.o)
                0x00000000201016da                sinf
 .text.powf     0x0000000020101748       0xb6 c:/mounriver/mounriver_studio2/resources/app/resources/win32/components/wch/toolchain/risc-v embedded gcc12/bin/../lib/gcc/riscv-wch-elf/12.2.0/../../../../riscv-wch-elf/lib/rv32imac_zba_zbb_zbc_zbs_xw/ilp32\libm_nano.a(lib_a-wf_pow.o)
                0x0000000020101748                powf
 .text.__ieee754_powf
                0x00000000201017fe      0x7cc c:/mounriver/mounriver_studio2/resources/app/resources/win32/components/wch/toolchain/risc-v embedded gcc12/bin/../lib/gcc/riscv-wch-elf/12.2.0/../../../../riscv-wch-elf/lib/rv32imac_zba_zbb_zbc_zbs_xw/ilp32\libm_nano.a(lib_a-ef_pow.o)
                0x00000000201017fe                __ieee754_powf
 .text.__ieee754_rem_pio2f
                0x0000000020101fca      0x36a c:/mounriver/mounriver_studio2/resources/app/resources/win32/components/wch/toolchain/risc-v embedded gcc12/bin/../lib/gcc/riscv-wch-elf/12.2.0/../../../../riscv-wch-elf/lib/rv32imac_zba_zbb_zbc_zbs_xw/ilp32\libm_nano.a(lib_a-ef_rem_pio2.o)
                0x0000000020101fca                __ieee754_rem_pio2f
 .text.__ieee754_sqrtf
                0x0000000020102334      0x10e c:/mounriver/mounriver_studio2/resources/app/resources/win32/components/wch/toolchain/risc-v embedded gcc12/bin/../lib/gcc/riscv-wch-elf/12.2.0/../../../../riscv-wch-elf/lib/rv32imac_zba_zbb_zbc_zbs_xw/ilp32\libm_nano.a(lib_a-ef_sqrt.o)
                0x0000000020102334                __ieee754_sqrtf
 .text.__kernel_cosf
                0x0000000020102442      0x13a c:/mounriver/mounriver_studio2/resources/app/resources/win32/components/wch/toolchain/risc-v embedded gcc12/bin/../lib/gcc/riscv-wch-elf/12.2.0/../../../../riscv-wch-elf/lib/rv32imac_zba_zbb_zbc_zbs_xw/ilp32\libm_nano.a(lib_a-kf_cos.o)
                0x0000000020102442                __kernel_cosf
 .text.__kernel_rem_pio2f
                0x000000002010257c      0x622 c:/mounriver/mounriver_studio2/resources/app/resources/win32/components/wch/toolchain/risc-v embedded gcc12/bin/../lib/gcc/riscv-wch-elf/12.2.0/../../../../riscv-wch-elf/lib/rv32imac_zba_zbb_zbc_zbs_xw/ilp32\libm_nano.a(lib_a-kf_rem_pio2.o)
                0x000000002010257c                __kernel_rem_pio2f
 .text.__kernel_sinf
                0x0000000020102b9e      0x110 c:/mounriver/mounriver_studio2/resources/app/resources/win32/components/wch/toolchain/risc-v embedded gcc12/bin/../lib/gcc/riscv-wch-elf/12.2.0/../../../../riscv-wch-elf/lib/rv32imac_zba_zbb_zbc_zbs_xw/ilp32\libm_nano.a(lib_a-kf_sin.o)
                0x0000000020102b9e                __kernel_sinf
 .text.with_errnof
                0x0000000020102cae       0x1e c:/mounriver/mounriver_studio2/resources/app/resources/win32/components/wch/toolchain/risc-v embedded gcc12/bin/../lib/gcc/riscv-wch-elf/12.2.0/../../../../riscv-wch-elf/lib/rv32imac_zba_zbb_zbc_zbs_xw/ilp32\libm_nano.a(lib_a-math_errf.o)
 .text.xflowf   0x0000000020102ccc       0x1c c:/mounriver/mounriver_studio2/resources/app/resources/win32/components/wch/toolchain/risc-v embedded gcc12/bin/../lib/gcc/riscv-wch-elf/12.2.0/../../../../riscv-wch-elf/lib/rv32imac_zba_zbb_zbc_zbs_xw/ilp32\libm_nano.a(lib_a-math_errf.o)
 .text.__math_uflowf
                0x0000000020102ce8        0xa c:/mounriver/mounriver_studio2/resources/app/resources/win32/components/wch/toolchain/risc-v embedded gcc12/bin/../lib/gcc/riscv-wch-elf/12.2.0/../../../../riscv-wch-elf/lib/rv32imac_zba_zbb_zbc_zbs_xw/ilp32\libm_nano.a(lib_a-math_errf.o)
                0x0000000020102ce8                __math_uflowf
 .text.__math_oflowf
                0x0000000020102cf2        0xa c:/mounriver/mounriver_studio2/resources/app/resources/win32/components/wch/toolchain/risc-v embedded gcc12/bin/../lib/gcc/riscv-wch-elf/12.2.0/../../../../riscv-wch-elf/lib/rv32imac_zba_zbb_zbc_zbs_xw/ilp32\libm_nano.a(lib_a-math_errf.o)
                0x0000000020102cf2                __math_oflowf
 .text.fabsf    0x0000000020102cfc        0x6 c:/mounriver/mounriver_studio2/resources/app/resources/win32/components/wch/toolchain/risc-v embedded gcc12/bin/../lib/gcc/riscv-wch-elf/12.2.0/../../../../riscv-wch-elf/lib/rv32imac_zba_zbb_zbc_zbs_xw/ilp32\libm_nano.a(lib_a-sf_fabs.o)
                0x0000000020102cfc                fabsf
 .text.finitef  0x0000000020102d02        0xe c:/mounriver/mounriver_studio2/resources/app/resources/win32/components/wch/toolchain/risc-v embedded gcc12/bin/../lib/gcc/riscv-wch-elf/12.2.0/../../../../riscv-wch-elf/lib/rv32imac_zba_zbb_zbc_zbs_xw/ilp32\libm_nano.a(lib_a-sf_finite.o)
                0x0000000020102d02                finitef
 .text.floorf   0x0000000020102d10       0xa8 c:/mounriver/mounriver_studio2/resources/app/resources/win32/components/wch/toolchain/risc-v embedded gcc12/bin/../lib/gcc/riscv-wch-elf/12.2.0/../../../../riscv-wch-elf/lib/rv32imac_zba_zbb_zbc_zbs_xw/ilp32\libm_nano.a(lib_a-sf_floor.o)
                0x0000000020102d10                floorf
 .text.scalbnf  0x0000000020102db8       0xe0 c:/mounriver/mounriver_studio2/resources/app/resources/win32/components/wch/toolchain/risc-v embedded gcc12/bin/../lib/gcc/riscv-wch-elf/12.2.0/../../../../riscv-wch-elf/lib/rv32imac_zba_zbb_zbc_zbs_xw/ilp32\libm_nano.a(lib_a-sf_scalbn.o)
                0x0000000020102db8                scalbnf
 .text.__udivdi3
                0x0000000020102e98      0x39a c:/mounriver/mounriver_studio2/resources/app/resources/win32/components/wch/toolchain/risc-v embedded gcc12/bin/../lib/gcc/riscv-wch-elf/12.2.0/rv32imac_zba_zbb_zbc_zbs_xw/ilp32\libgcc.a(_udivdi3.o)
                0x0000000020102e98                __udivdi3
 .text.__addsf3
                0x0000000020103232      0x358 c:/mounriver/mounriver_studio2/resources/app/resources/win32/components/wch/toolchain/risc-v embedded gcc12/bin/../lib/gcc/riscv-wch-elf/12.2.0/rv32imac_zba_zbb_zbc_zbs_xw/ilp32\libgcc.a(addsf3.o)
                0x0000000020103232                __addsf3
 .text.__divsf3
                0x000000002010358a      0x2be c:/mounriver/mounriver_studio2/resources/app/resources/win32/components/wch/toolchain/risc-v embedded gcc12/bin/../lib/gcc/riscv-wch-elf/12.2.0/rv32imac_zba_zbb_zbc_zbs_xw/ilp32\libgcc.a(divsf3.o)
                0x000000002010358a                __divsf3
 .text.__eqsf2  0x0000000020103848       0x5e c:/mounriver/mounriver_studio2/resources/app/resources/win32/components/wch/toolchain/risc-v embedded gcc12/bin/../lib/gcc/riscv-wch-elf/12.2.0/rv32imac_zba_zbb_zbc_zbs_xw/ilp32\libgcc.a(eqsf2.o)
                0x0000000020103848                __eqsf2
                0x0000000020103848                __nesf2
 .text.__gesf2  0x00000000201038a6       0x96 c:/mounriver/mounriver_studio2/resources/app/resources/win32/components/wch/toolchain/risc-v embedded gcc12/bin/../lib/gcc/riscv-wch-elf/12.2.0/rv32imac_zba_zbb_zbc_zbs_xw/ilp32\libgcc.a(gesf2.o)
                0x00000000201038a6                __gesf2
                0x00000000201038a6                __gtsf2
 .text.__lesf2  0x000000002010393c       0x98 c:/mounriver/mounriver_studio2/resources/app/resources/win32/components/wch/toolchain/risc-v embedded gcc12/bin/../lib/gcc/riscv-wch-elf/12.2.0/rv32imac_zba_zbb_zbc_zbs_xw/ilp32\libgcc.a(lesf2.o)
                0x000000002010393c                __ltsf2
                0x000000002010393c                __lesf2
 .text.__mulsf3
                0x00000000201039d4      0x2c6 c:/mounriver/mounriver_studio2/resources/app/resources/win32/components/wch/toolchain/risc-v embedded gcc12/bin/../lib/gcc/riscv-wch-elf/12.2.0/rv32imac_zba_zbb_zbc_zbs_xw/ilp32\libgcc.a(mulsf3.o)
                0x00000000201039d4                __mulsf3
 .text.__subsf3
                0x0000000020103c9a      0x378 c:/mounriver/mounriver_studio2/resources/app/resources/win32/components/wch/toolchain/risc-v embedded gcc12/bin/../lib/gcc/riscv-wch-elf/12.2.0/rv32imac_zba_zbb_zbc_zbs_xw/ilp32\libgcc.a(subsf3.o)
                0x0000000020103c9a                __subsf3
 .text.__unordsf2
                0x0000000020104012       0x3c c:/mounriver/mounriver_studio2/resources/app/resources/win32/components/wch/toolchain/risc-v embedded gcc12/bin/../lib/gcc/riscv-wch-elf/12.2.0/rv32imac_zba_zbb_zbc_zbs_xw/ilp32\libgcc.a(unordsf2.o)
                0x0000000020104012                __unordsf2
 .text.__fixsfsi
                0x000000002010404e       0x5e c:/mounriver/mounriver_studio2/resources/app/resources/win32/components/wch/toolchain/risc-v embedded gcc12/bin/../lib/gcc/riscv-wch-elf/12.2.0/rv32imac_zba_zbb_zbc_zbs_xw/ilp32\libgcc.a(fixsfsi.o)
                0x000000002010404e                __fixsfsi
 .text.__fixunssfsi
                0x00000000201040ac       0x4e c:/mounriver/mounriver_studio2/resources/app/resources/win32/components/wch/toolchain/risc-v embedded gcc12/bin/../lib/gcc/riscv-wch-elf/12.2.0/rv32imac_zba_zbb_zbc_zbs_xw/ilp32\libgcc.a(fixunssfsi.o)
                0x00000000201040ac                __fixunssfsi
 .text.__floatsisf
                0x00000000201040fa       0xc0 c:/mounriver/mounriver_studio2/resources/app/resources/win32/components/wch/toolchain/risc-v embedded gcc12/bin/../lib/gcc/riscv-wch-elf/12.2.0/rv32imac_zba_zbb_zbc_zbs_xw/ilp32\libgcc.a(floatsisf.o)
                0x00000000201040fa                __floatsisf
 .text.__floatunsisf
                0x00000000201041ba       0xa8 c:/mounriver/mounriver_studio2/resources/app/resources/win32/components/wch/toolchain/risc-v embedded gcc12/bin/../lib/gcc/riscv-wch-elf/12.2.0/rv32imac_zba_zbb_zbc_zbs_xw/ilp32\libgcc.a(floatunsisf.o)
                0x00000000201041ba                __floatunsisf
 .text.__errno  0x0000000020104262        0x6 c:/mounriver/mounriver_studio2/resources/app/resources/win32/components/wch/toolchain/risc-v embedded gcc12/bin/../lib/gcc/riscv-wch-elf/12.2.0/../../../../riscv-wch-elf/lib/rv32imac_zba_zbb_zbc_zbs_xw/ilp32\libg_nano.a(lib_a-errno.o)
                0x0000000020104262                __errno
 .text.printf   0x0000000020104268       0x3a c:/mounriver/mounriver_studio2/resources/app/resources/win32/components/wch/toolchain/risc-v embedded gcc12/bin/../lib/gcc/riscv-wch-elf/12.2.0/../../../../riscv-wch-elf/lib/rv32imac_zba_zbb_zbc_zbs_xw/ilp32\libg_nano.a(lib_a-printf.o)
                0x0000000020104268                iprintf
                0x0000000020104268                printf
 .text._vsnprintf_r
                0x00000000201042a2       0x62 c:/mounriver/mounriver_studio2/resources/app/resources/win32/components/wch/toolchain/risc-v embedded gcc12/bin/../lib/gcc/riscv-wch-elf/12.2.0/../../../../riscv-wch-elf/lib/rv32imac_zba_zbb_zbc_zbs_xw/ilp32\libg_nano.a(lib_a-vsnprintf.o)
                0x00000000201042a2                _vsniprintf_r
                0x00000000201042a2                _vsnprintf_r
 .text.vsnprintf
                0x0000000020104304       0x10 c:/mounriver/mounriver_studio2/resources/app/resources/win32/components/wch/toolchain/risc-v embedded gcc12/bin/../lib/gcc/riscv-wch-elf/12.2.0/../../../../riscv-wch-elf/lib/rv32imac_zba_zbb_zbc_zbs_xw/ilp32\libg_nano.a(lib_a-vsnprintf.o)
                0x0000000020104304                vsniprintf
                0x0000000020104304                vsnprintf
 .text.__swbuf_r
                0x0000000020104314       0xbc c:/mounriver/mounriver_studio2/resources/app/resources/win32/components/wch/toolchain/risc-v embedded gcc12/bin/../lib/gcc/riscv-wch-elf/12.2.0/../../../../riscv-wch-elf/lib/rv32imac_zba_zbb_zbc_zbs_xw/ilp32\libg_nano.a(lib_a-wbuf.o)
                0x0000000020104314                __swbuf_r
 .text.__swsetup_r
                0x00000000201043d0       0xee c:/mounriver/mounriver_studio2/resources/app/resources/win32/components/wch/toolchain/risc-v embedded gcc12/bin/../lib/gcc/riscv-wch-elf/12.2.0/../../../../riscv-wch-elf/lib/rv32imac_zba_zbb_zbc_zbs_xw/ilp32\libg_nano.a(lib_a-wsetup.o)
                0x00000000201043d0                __swsetup_r
 .text.__sflush_r
                0x00000000201044be      0x132 c:/mounriver/mounriver_studio2/resources/app/resources/win32/components/wch/toolchain/risc-v embedded gcc12/bin/../lib/gcc/riscv-wch-elf/12.2.0/../../../../riscv-wch-elf/lib/rv32imac_zba_zbb_zbc_zbs_xw/ilp32\libg_nano.a(lib_a-fflush.o)
                0x00000000201044be                __sflush_r
 .text._fflush_r
                0x00000000201045f0       0x88 c:/mounriver/mounriver_studio2/resources/app/resources/win32/components/wch/toolchain/risc-v embedded gcc12/bin/../lib/gcc/riscv-wch-elf/12.2.0/../../../../riscv-wch-elf/lib/rv32imac_zba_zbb_zbc_zbs_xw/ilp32\libg_nano.a(lib_a-fflush.o)
                0x00000000201045f0                _fflush_r
 .text.std      0x0000000020104678       0x66 c:/mounriver/mounriver_studio2/resources/app/resources/win32/components/wch/toolchain/risc-v embedded gcc12/bin/../lib/gcc/riscv-wch-elf/12.2.0/../../../../riscv-wch-elf/lib/rv32imac_zba_zbb_zbc_zbs_xw/ilp32\libg_nano.a(lib_a-findfp.o)
 .text._cleanup_r
                0x00000000201046de        0xa c:/mounriver/mounriver_studio2/resources/app/resources/win32/components/wch/toolchain/risc-v embedded gcc12/bin/../lib/gcc/riscv-wch-elf/12.2.0/../../../../riscv-wch-elf/lib/rv32imac_zba_zbb_zbc_zbs_xw/ilp32\libg_nano.a(lib_a-findfp.o)
                0x00000000201046de                _cleanup_r
 .text.__sfmoreglue
                0x00000000201046e8       0x46 c:/mounriver/mounriver_studio2/resources/app/resources/win32/components/wch/toolchain/risc-v embedded gcc12/bin/../lib/gcc/riscv-wch-elf/12.2.0/../../../../riscv-wch-elf/lib/rv32imac_zba_zbb_zbc_zbs_xw/ilp32\libg_nano.a(lib_a-findfp.o)
                0x00000000201046e8                __sfmoreglue
 .text.__sfp_lock_acquire
                0x000000002010472e        0x6 c:/mounriver/mounriver_studio2/resources/app/resources/win32/components/wch/toolchain/risc-v embedded gcc12/bin/../lib/gcc/riscv-wch-elf/12.2.0/../../../../riscv-wch-elf/lib/rv32imac_zba_zbb_zbc_zbs_xw/ilp32\libg_nano.a(lib_a-findfp.o)
                0x000000002010472e                __sfp_lock_acquire
 .text.__sfp_lock_release
                0x0000000020104734        0x6 c:/mounriver/mounriver_studio2/resources/app/resources/win32/components/wch/toolchain/risc-v embedded gcc12/bin/../lib/gcc/riscv-wch-elf/12.2.0/../../../../riscv-wch-elf/lib/rv32imac_zba_zbb_zbc_zbs_xw/ilp32\libg_nano.a(lib_a-findfp.o)
                0x0000000020104734                __sfp_lock_release
 .text.__sinit_lock_acquire
                0x000000002010473a        0x6 c:/mounriver/mounriver_studio2/resources/app/resources/win32/components/wch/toolchain/risc-v embedded gcc12/bin/../lib/gcc/riscv-wch-elf/12.2.0/../../../../riscv-wch-elf/lib/rv32imac_zba_zbb_zbc_zbs_xw/ilp32\libg_nano.a(lib_a-findfp.o)
                0x000000002010473a                __sinit_lock_acquire
 .text.__sinit_lock_release
                0x0000000020104740        0x6 c:/mounriver/mounriver_studio2/resources/app/resources/win32/components/wch/toolchain/risc-v embedded gcc12/bin/../lib/gcc/riscv-wch-elf/12.2.0/../../../../riscv-wch-elf/lib/rv32imac_zba_zbb_zbc_zbs_xw/ilp32\libg_nano.a(lib_a-findfp.o)
                0x0000000020104740                __sinit_lock_release
 .text.__sinit  0x0000000020104746       0x72 c:/mounriver/mounriver_studio2/resources/app/resources/win32/components/wch/toolchain/risc-v embedded gcc12/bin/../lib/gcc/riscv-wch-elf/12.2.0/../../../../riscv-wch-elf/lib/rv32imac_zba_zbb_zbc_zbs_xw/ilp32\libg_nano.a(lib_a-findfp.o)
                0x0000000020104746                __sinit
 .text.__sfp    0x00000000201047b8       0xb0 c:/mounriver/mounriver_studio2/resources/app/resources/win32/components/wch/toolchain/risc-v embedded gcc12/bin/../lib/gcc/riscv-wch-elf/12.2.0/../../../../riscv-wch-elf/lib/rv32imac_zba_zbb_zbc_zbs_xw/ilp32\libg_nano.a(lib_a-findfp.o)
                0x00000000201047b8                __sfp
 .text._fwalk_reent
                0x0000000020104868       0x68 c:/mounriver/mounriver_studio2/resources/app/resources/win32/components/wch/toolchain/risc-v embedded gcc12/bin/../lib/gcc/riscv-wch-elf/12.2.0/../../../../riscv-wch-elf/lib/rv32imac_zba_zbb_zbc_zbs_xw/ilp32\libg_nano.a(lib_a-fwalk.o)
                0x0000000020104868                _fwalk_reent
 .text.__retarget_lock_init_recursive
                0x00000000201048d0        0x2 c:/mounriver/mounriver_studio2/resources/app/resources/win32/components/wch/toolchain/risc-v embedded gcc12/bin/../lib/gcc/riscv-wch-elf/12.2.0/../../../../riscv-wch-elf/lib/rv32imac_zba_zbb_zbc_zbs_xw/ilp32\libg_nano.a(lib_a-lock.o)
                0x00000000201048d0                __retarget_lock_init_recursive
 .text.__retarget_lock_acquire_recursive
                0x00000000201048d2        0x2 c:/mounriver/mounriver_studio2/resources/app/resources/win32/components/wch/toolchain/risc-v embedded gcc12/bin/../lib/gcc/riscv-wch-elf/12.2.0/../../../../riscv-wch-elf/lib/rv32imac_zba_zbb_zbc_zbs_xw/ilp32\libg_nano.a(lib_a-lock.o)
                0x00000000201048d2                __retarget_lock_acquire_recursive
 .text.__retarget_lock_release_recursive
                0x00000000201048d4        0x2 c:/mounriver/mounriver_studio2/resources/app/resources/win32/components/wch/toolchain/risc-v embedded gcc12/bin/../lib/gcc/riscv-wch-elf/12.2.0/../../../../riscv-wch-elf/lib/rv32imac_zba_zbb_zbc_zbs_xw/ilp32\libg_nano.a(lib_a-lock.o)
                0x00000000201048d4                __retarget_lock_release_recursive
 .text.__swhatbuf_r
                0x00000000201048d6       0x5a c:/mounriver/mounriver_studio2/resources/app/resources/win32/components/wch/toolchain/risc-v embedded gcc12/bin/../lib/gcc/riscv-wch-elf/12.2.0/../../../../riscv-wch-elf/lib/rv32imac_zba_zbb_zbc_zbs_xw/ilp32\libg_nano.a(lib_a-makebuf.o)
                0x00000000201048d6                __swhatbuf_r
 .text.__smakebuf_r
                0x0000000020104930       0x96 c:/mounriver/mounriver_studio2/resources/app/resources/win32/components/wch/toolchain/risc-v embedded gcc12/bin/../lib/gcc/riscv-wch-elf/12.2.0/../../../../riscv-wch-elf/lib/rv32imac_zba_zbb_zbc_zbs_xw/ilp32\libg_nano.a(lib_a-makebuf.o)
                0x0000000020104930                __smakebuf_r
 .text._free_r  0x00000000201049c6       0xa2 c:/mounriver/mounriver_studio2/resources/app/resources/win32/components/wch/toolchain/risc-v embedded gcc12/bin/../lib/gcc/riscv-wch-elf/12.2.0/../../../../riscv-wch-elf/lib/rv32imac_zba_zbb_zbc_zbs_xw/ilp32\libg_nano.a(lib_a-nano-freer.o)
                0x00000000201049c6                _free_r
 .text.sbrk_aligned
                0x0000000020104a68       0x5a c:/mounriver/mounriver_studio2/resources/app/resources/win32/components/wch/toolchain/risc-v embedded gcc12/bin/../lib/gcc/riscv-wch-elf/12.2.0/../../../../riscv-wch-elf/lib/rv32imac_zba_zbb_zbc_zbs_xw/ilp32\libg_nano.a(lib_a-nano-mallocr.o)
 .text._malloc_r
                0x0000000020104ac2      0x10e c:/mounriver/mounriver_studio2/resources/app/resources/win32/components/wch/toolchain/risc-v embedded gcc12/bin/../lib/gcc/riscv-wch-elf/12.2.0/../../../../riscv-wch-elf/lib/rv32imac_zba_zbb_zbc_zbs_xw/ilp32\libg_nano.a(lib_a-nano-mallocr.o)
                0x0000000020104ac2                _malloc_r
 .text.__ssputs_r
                0x0000000020104bd0       0xde c:/mounriver/mounriver_studio2/resources/app/resources/win32/components/wch/toolchain/risc-v embedded gcc12/bin/../lib/gcc/riscv-wch-elf/12.2.0/../../../../riscv-wch-elf/lib/rv32imac_zba_zbb_zbc_zbs_xw/ilp32\libg_nano.a(lib_a-nano-svfprintf.o)
                0x0000000020104bd0                __ssputs_r
 .text._svfprintf_r
                0x0000000020104cae      0x258 c:/mounriver/mounriver_studio2/resources/app/resources/win32/components/wch/toolchain/risc-v embedded gcc12/bin/../lib/gcc/riscv-wch-elf/12.2.0/../../../../riscv-wch-elf/lib/rv32imac_zba_zbb_zbc_zbs_xw/ilp32\libg_nano.a(lib_a-nano-svfprintf.o)
                0x0000000020104cae                _svfiprintf_r
                0x0000000020104cae                _svfprintf_r
 .text._printf_common
                0x0000000020104f06      0x10a c:/mounriver/mounriver_studio2/resources/app/resources/win32/components/wch/toolchain/risc-v embedded gcc12/bin/../lib/gcc/riscv-wch-elf/12.2.0/../../../../riscv-wch-elf/lib/rv32imac_zba_zbb_zbc_zbs_xw/ilp32\libg_nano.a(lib_a-nano-vfprintf_i.o)
                0x0000000020104f06                _printf_common
 .text._printf_i
                0x0000000020105010      0x27a c:/mounriver/mounriver_studio2/resources/app/resources/win32/components/wch/toolchain/risc-v embedded gcc12/bin/../lib/gcc/riscv-wch-elf/12.2.0/../../../../riscv-wch-elf/lib/rv32imac_zba_zbb_zbc_zbs_xw/ilp32\libg_nano.a(lib_a-nano-vfprintf_i.o)
                0x0000000020105010                _printf_i
 .text.__sfputc_r
                0x000000002010528a       0x28 c:/mounriver/mounriver_studio2/resources/app/resources/win32/components/wch/toolchain/risc-v embedded gcc12/bin/../lib/gcc/riscv-wch-elf/12.2.0/../../../../riscv-wch-elf/lib/rv32imac_zba_zbb_zbc_zbs_xw/ilp32\libg_nano.a(lib_a-nano-vfprintf.o)
 .text.__sfputs_r
                0x00000000201052b2       0x42 c:/mounriver/mounriver_studio2/resources/app/resources/win32/components/wch/toolchain/risc-v embedded gcc12/bin/../lib/gcc/riscv-wch-elf/12.2.0/../../../../riscv-wch-elf/lib/rv32imac_zba_zbb_zbc_zbs_xw/ilp32\libg_nano.a(lib_a-nano-vfprintf.o)
                0x00000000201052b2                __sfputs_r
 .text._vfprintf_r
                0x00000000201052f4      0x2ba c:/mounriver/mounriver_studio2/resources/app/resources/win32/components/wch/toolchain/risc-v embedded gcc12/bin/../lib/gcc/riscv-wch-elf/12.2.0/../../../../riscv-wch-elf/lib/rv32imac_zba_zbb_zbc_zbs_xw/ilp32\libg_nano.a(lib_a-nano-vfprintf.o)
                0x00000000201052f4                _vfprintf_r
                0x00000000201052f4                _vfiprintf_r
 .text._sbrk_r  0x00000000201055ae       0x28 c:/mounriver/mounriver_studio2/resources/app/resources/win32/components/wch/toolchain/risc-v embedded gcc12/bin/../lib/gcc/riscv-wch-elf/12.2.0/../../../../riscv-wch-elf/lib/rv32imac_zba_zbb_zbc_zbs_xw/ilp32\libg_nano.a(lib_a-sbrkr.o)
                0x00000000201055ae                _sbrk_r
 .text.__sread  0x00000000201055d6       0x2a c:/mounriver/mounriver_studio2/resources/app/resources/win32/components/wch/toolchain/risc-v embedded gcc12/bin/../lib/gcc/riscv-wch-elf/12.2.0/../../../../riscv-wch-elf/lib/rv32imac_zba_zbb_zbc_zbs_xw/ilp32\libg_nano.a(lib_a-stdio.o)
                0x00000000201055d6                __sread
 .text.__swrite
                0x0000000020105600       0x46 c:/mounriver/mounriver_studio2/resources/app/resources/win32/components/wch/toolchain/risc-v embedded gcc12/bin/../lib/gcc/riscv-wch-elf/12.2.0/../../../../riscv-wch-elf/lib/rv32imac_zba_zbb_zbc_zbs_xw/ilp32\libg_nano.a(lib_a-stdio.o)
                0x0000000020105600                __swrite
 .text.__sseek  0x0000000020105646       0x2e c:/mounriver/mounriver_studio2/resources/app/resources/win32/components/wch/toolchain/risc-v embedded gcc12/bin/../lib/gcc/riscv-wch-elf/12.2.0/../../../../riscv-wch-elf/lib/rv32imac_zba_zbb_zbc_zbs_xw/ilp32\libg_nano.a(lib_a-stdio.o)
                0x0000000020105646                __sseek
 .text.__sclose
                0x0000000020105674        0x6 c:/mounriver/mounriver_studio2/resources/app/resources/win32/components/wch/toolchain/risc-v embedded gcc12/bin/../lib/gcc/riscv-wch-elf/12.2.0/../../../../riscv-wch-elf/lib/rv32imac_zba_zbb_zbc_zbs_xw/ilp32\libg_nano.a(lib_a-stdio.o)
                0x0000000020105674                __sclose
 .text._write_r
                0x000000002010567a       0x2c c:/mounriver/mounriver_studio2/resources/app/resources/win32/components/wch/toolchain/risc-v embedded gcc12/bin/../lib/gcc/riscv-wch-elf/12.2.0/../../../../riscv-wch-elf/lib/rv32imac_zba_zbb_zbc_zbs_xw/ilp32\libg_nano.a(lib_a-writer.o)
                0x000000002010567a                _write_r
 .text._close_r
                0x00000000201056a6       0x26 c:/mounriver/mounriver_studio2/resources/app/resources/win32/components/wch/toolchain/risc-v embedded gcc12/bin/../lib/gcc/riscv-wch-elf/12.2.0/../../../../riscv-wch-elf/lib/rv32imac_zba_zbb_zbc_zbs_xw/ilp32\libg_nano.a(lib_a-closer.o)
                0x00000000201056a6                _close_r
 .text._fstat_r
                0x00000000201056cc       0x28 c:/mounriver/mounriver_studio2/resources/app/resources/win32/components/wch/toolchain/risc-v embedded gcc12/bin/../lib/gcc/riscv-wch-elf/12.2.0/../../../../riscv-wch-elf/lib/rv32imac_zba_zbb_zbc_zbs_xw/ilp32\libg_nano.a(lib_a-fstatr.o)
                0x00000000201056cc                _fstat_r
 .text._isatty_r
                0x00000000201056f4       0x26 c:/mounriver/mounriver_studio2/resources/app/resources/win32/components/wch/toolchain/risc-v embedded gcc12/bin/../lib/gcc/riscv-wch-elf/12.2.0/../../../../riscv-wch-elf/lib/rv32imac_zba_zbb_zbc_zbs_xw/ilp32\libg_nano.a(lib_a-isattyr.o)
                0x00000000201056f4                _isatty_r
 .text._lseek_r
                0x000000002010571a       0x2a c:/mounriver/mounriver_studio2/resources/app/resources/win32/components/wch/toolchain/risc-v embedded gcc12/bin/../lib/gcc/riscv-wch-elf/12.2.0/../../../../riscv-wch-elf/lib/rv32imac_zba_zbb_zbc_zbs_xw/ilp32\libg_nano.a(lib_a-lseekr.o)
                0x000000002010571a                _lseek_r
 .text.memchr   0x0000000020105744       0x18 c:/mounriver/mounriver_studio2/resources/app/resources/win32/components/wch/toolchain/risc-v embedded gcc12/bin/../lib/gcc/riscv-wch-elf/12.2.0/../../../../riscv-wch-elf/lib/rv32imac_zba_zbb_zbc_zbs_xw/ilp32\libg_nano.a(lib_a-memchr.o)
                0x0000000020105744                memchr
 .text.__malloc_lock
                0x000000002010575c        0x8 c:/mounriver/mounriver_studio2/resources/app/resources/win32/components/wch/toolchain/risc-v embedded gcc12/bin/../lib/gcc/riscv-wch-elf/12.2.0/../../../../riscv-wch-elf/lib/rv32imac_zba_zbb_zbc_zbs_xw/ilp32\libg_nano.a(lib_a-mlock.o)
                0x000000002010575c                __malloc_lock
 .text.__malloc_unlock
                0x0000000020105764        0x8 c:/mounriver/mounriver_studio2/resources/app/resources/win32/components/wch/toolchain/risc-v embedded gcc12/bin/../lib/gcc/riscv-wch-elf/12.2.0/../../../../riscv-wch-elf/lib/rv32imac_zba_zbb_zbc_zbs_xw/ilp32\libg_nano.a(lib_a-mlock.o)
                0x0000000020105764                __malloc_unlock
 .text._realloc_r
                0x000000002010576c       0x76 c:/mounriver/mounriver_studio2/resources/app/resources/win32/components/wch/toolchain/risc-v embedded gcc12/bin/../lib/gcc/riscv-wch-elf/12.2.0/../../../../riscv-wch-elf/lib/rv32imac_zba_zbb_zbc_zbs_xw/ilp32\libg_nano.a(lib_a-nano-reallocr.o)
                0x000000002010576c                _realloc_r
 .text._read_r  0x00000000201057e2       0x2a c:/mounriver/mounriver_studio2/resources/app/resources/win32/components/wch/toolchain/risc-v embedded gcc12/bin/../lib/gcc/riscv-wch-elf/12.2.0/../../../../riscv-wch-elf/lib/rv32imac_zba_zbb_zbc_zbs_xw/ilp32\libg_nano.a(lib_a-readr.o)
                0x00000000201057e2                _read_r
 .text._malloc_usable_size_r
                0x000000002010580c       0x14 c:/mounriver/mounriver_studio2/resources/app/resources/win32/components/wch/toolchain/risc-v embedded gcc12/bin/../lib/gcc/riscv-wch-elf/12.2.0/../../../../riscv-wch-elf/lib/rv32imac_zba_zbb_zbc_zbs_xw/ilp32\libg_nano.a(lib_a-nano-msizer.o)
                0x000000002010580c                _malloc_usable_size_r
 .text._close   0x0000000020105820        0xc c:/mounriver/mounriver_studio2/resources/app/resources/win32/components/wch/toolchain/risc-v embedded gcc12/bin/../lib/gcc/riscv-wch-elf/12.2.0/../../../../riscv-wch-elf/lib/rv32imac_zba_zbb_zbc_zbs_xw/ilp32\libnosys.a(close.o)
                0x0000000020105820                _close
 .text._fstat   0x000000002010582c        0xc c:/mounriver/mounriver_studio2/resources/app/resources/win32/components/wch/toolchain/risc-v embedded gcc12/bin/../lib/gcc/riscv-wch-elf/12.2.0/../../../../riscv-wch-elf/lib/rv32imac_zba_zbb_zbc_zbs_xw/ilp32\libnosys.a(fstat.o)
                0x000000002010582c                _fstat
 .text._isatty  0x0000000020105838        0xc c:/mounriver/mounriver_studio2/resources/app/resources/win32/components/wch/toolchain/risc-v embedded gcc12/bin/../lib/gcc/riscv-wch-elf/12.2.0/../../../../riscv-wch-elf/lib/rv32imac_zba_zbb_zbc_zbs_xw/ilp32\libnosys.a(isatty.o)
                0x0000000020105838                _isatty
 .text._lseek   0x0000000020105844        0xc c:/mounriver/mounriver_studio2/resources/app/resources/win32/components/wch/toolchain/risc-v embedded gcc12/bin/../lib/gcc/riscv-wch-elf/12.2.0/../../../../riscv-wch-elf/lib/rv32imac_zba_zbb_zbc_zbs_xw/ilp32\libnosys.a(lseek.o)
                0x0000000020105844                _lseek
 .text._read    0x0000000020105850        0xc c:/mounriver/mounriver_studio2/resources/app/resources/win32/components/wch/toolchain/risc-v embedded gcc12/bin/../lib/gcc/riscv-wch-elf/12.2.0/../../../../riscv-wch-elf/lib/rv32imac_zba_zbb_zbc_zbs_xw/ilp32\libnosys.a(read.o)
                0x0000000020105850                _read
 *(.rodata)
 *(.rodata*)
 *fill*         0x000000002010585c        0x0 
 .rodata.dual_printf.str1.4
                0x000000002010585c        0x3 ./User/main.o
 *fill*         0x000000002010585f        0x1 
 .rodata.print_menu.str1.4
                0x0000000020105860       0xb5 ./User/main.o
 *fill*         0x0000000020105915        0x3 
 .rodata.main.str1.4
                0x0000000020105918       0xe4 ./User/main.o
 .rodata.main   0x00000000201059fc       0x48 ./User/main.o
 .rodata.str1.4
                0x0000000020105a44       0x7c ./User/main.o
 .rodata.tracks
                0x0000000020105ac0       0x78 ./User/main.o
 .rodata.melody_got
                0x0000000020105b38       0x34 ./User/main.o
 .rodata.melody_happy_birthday
                0x0000000020105b6c       0x70 ./User/main.o
 .rodata.melody_arpeggio
                0x0000000020105bdc       0x10 ./User/main.o
 .rodata.melody_scale
                0x0000000020105bec       0x20 ./User/main.o
 .rodata.effect_power_down
                0x0000000020105c0c       0x18 ./User/main.o
 .rodata.effect_power_up
                0x0000000020105c24       0x18 ./User/main.o
 .rodata.effect_alarm
                0x0000000020105c3c       0x10 ./User/main.o
 .rodata.effect_double_beep
                0x0000000020105c4c        0xc ./User/main.o
 .rodata.npio2_hw
                0x0000000020105c58       0x80 c:/mounriver/mounriver_studio2/resources/app/resources/win32/components/wch/toolchain/risc-v embedded gcc12/bin/../lib/gcc/riscv-wch-elf/12.2.0/../../../../riscv-wch-elf/lib/rv32imac_zba_zbb_zbc_zbs_xw/ilp32\libm_nano.a(lib_a-ef_rem_pio2.o)
 .rodata.two_over_pi
                0x0000000020105cd8      0x318 c:/mounriver/mounriver_studio2/resources/app/resources/win32/components/wch/toolchain/risc-v embedded gcc12/bin/../lib/gcc/riscv-wch-elf/12.2.0/../../../../riscv-wch-elf/lib/rv32imac_zba_zbb_zbc_zbs_xw/ilp32\libm_nano.a(lib_a-ef_rem_pio2.o)
 .rodata.PIo2   0x0000000020105ff0       0x2c c:/mounriver/mounriver_studio2/resources/app/resources/win32/components/wch/toolchain/risc-v embedded gcc12/bin/../lib/gcc/riscv-wch-elf/12.2.0/../../../../riscv-wch-elf/lib/rv32imac_zba_zbb_zbc_zbs_xw/ilp32\libm_nano.a(lib_a-kf_rem_pio2.o)
 .rodata.init_jk
                0x000000002010601c        0xc c:/mounriver/mounriver_studio2/resources/app/resources/win32/components/wch/toolchain/risc-v embedded gcc12/bin/../lib/gcc/riscv-wch-elf/12.2.0/../../../../riscv-wch-elf/lib/rv32imac_zba_zbb_zbc_zbs_xw/ilp32\libm_nano.a(lib_a-kf_rem_pio2.o)
 .rodata.__divsf3
                0x0000000020106028       0xa8 c:/mounriver/mounriver_studio2/resources/app/resources/win32/components/wch/toolchain/risc-v embedded gcc12/bin/../lib/gcc/riscv-wch-elf/12.2.0/rv32imac_zba_zbb_zbc_zbs_xw/ilp32\libgcc.a(divsf3.o)
 .rodata.__clz_tab
                0x00000000201060d0      0x100 c:/mounriver/mounriver_studio2/resources/app/resources/win32/components/wch/toolchain/risc-v embedded gcc12/bin/../lib/gcc/riscv-wch-elf/12.2.0/rv32imac_zba_zbb_zbc_zbs_xw/ilp32\libgcc.a(_clz.o)
                0x00000000201060d0                __clz_tab
 .rodata.__sf_fake_stderr
                0x00000000201061d0       0x20 c:/mounriver/mounriver_studio2/resources/app/resources/win32/components/wch/toolchain/risc-v embedded gcc12/bin/../lib/gcc/riscv-wch-elf/12.2.0/../../../../riscv-wch-elf/lib/rv32imac_zba_zbb_zbc_zbs_xw/ilp32\libg_nano.a(lib_a-findfp.o)
                0x00000000201061d0                __sf_fake_stderr
 .rodata.__sf_fake_stdout
                0x00000000201061f0       0x20 c:/mounriver/mounriver_studio2/resources/app/resources/win32/components/wch/toolchain/risc-v embedded gcc12/bin/../lib/gcc/riscv-wch-elf/12.2.0/../../../../riscv-wch-elf/lib/rv32imac_zba_zbb_zbc_zbs_xw/ilp32\libg_nano.a(lib_a-findfp.o)
                0x00000000201061f0                __sf_fake_stdout
 .rodata.__sf_fake_stdin
                0x0000000020106210       0x20 c:/mounriver/mounriver_studio2/resources/app/resources/win32/components/wch/toolchain/risc-v embedded gcc12/bin/../lib/gcc/riscv-wch-elf/12.2.0/../../../../riscv-wch-elf/lib/rv32imac_zba_zbb_zbc_zbs_xw/ilp32\libg_nano.a(lib_a-findfp.o)
                0x0000000020106210                __sf_fake_stdin
 .rodata._svfprintf_r.str1.4
                0x0000000020106230       0x13 c:/mounriver/mounriver_studio2/resources/app/resources/win32/components/wch/toolchain/risc-v embedded gcc12/bin/../lib/gcc/riscv-wch-elf/12.2.0/../../../../riscv-wch-elf/lib/rv32imac_zba_zbb_zbc_zbs_xw/ilp32\libg_nano.a(lib_a-nano-svfprintf.o)
 *fill*         0x0000000020106243        0x1 
 .rodata._printf_i.str1.4
                0x0000000020106244       0x25 c:/mounriver/mounriver_studio2/resources/app/resources/win32/components/wch/toolchain/risc-v embedded gcc12/bin/../lib/gcc/riscv-wch-elf/12.2.0/../../../../riscv-wch-elf/lib/rv32imac_zba_zbb_zbc_zbs_xw/ilp32\libg_nano.a(lib_a-nano-vfprintf_i.o)
 *fill*         0x0000000020106269        0x3 
 .rodata._printf_i
                0x000000002010626c       0x58 c:/mounriver/mounriver_studio2/resources/app/resources/win32/components/wch/toolchain/risc-v embedded gcc12/bin/../lib/gcc/riscv-wch-elf/12.2.0/../../../../riscv-wch-elf/lib/rv32imac_zba_zbb_zbc_zbs_xw/ilp32\libg_nano.a(lib_a-nano-vfprintf_i.o)
 .rodata._vfprintf_r.str1.4
                0x00000000201062c4       0x13 c:/mounriver/mounriver_studio2/resources/app/resources/win32/components/wch/toolchain/risc-v embedded gcc12/bin/../lib/gcc/riscv-wch-elf/12.2.0/../../../../riscv-wch-elf/lib/rv32imac_zba_zbb_zbc_zbs_xw/ilp32\libg_nano.a(lib_a-nano-vfprintf.o)
 *(.sdata2.*)
 *(.glue_7)
 *(.glue_7t)
 *(.gnu.linkonce.t.*)
                0x00000000201062d8                . = ALIGN (0x4)
                0x00000000201062c4                PROVIDE (_highcode_vma_end = .)

.text           0x00000000000063b0       0x84
                0x00000000000063b0                . = ALIGN (0x4)
 *(SORT_NONE(.handle_reset))
 .handle_reset  0x00000000000063b0       0x82 ./Startup/startup_ch32h417_v3f.o
                0x00000000000063b0                handle_reset
                0x0000000000006434                . = ALIGN (0x4)
 *fill*         0x0000000000006432        0x2 

.rela.dyn       0x0000000000006434        0x0
 .rela.init     0x0000000000006434        0x0 ./User/ch32h417_it.o
 .rela.vector   0x0000000000006434        0x0 ./User/ch32h417_it.o
 .rela.load     0x0000000000006434        0x0 ./User/ch32h417_it.o
 .rela.handle_reset
                0x0000000000006434        0x0 ./User/ch32h417_it.o
 .rela.text._sbrk
                0x0000000000006434        0x0 ./User/ch32h417_it.o
 .rela.sdata.curbrk.0
                0x0000000000006434        0x0 ./User/ch32h417_it.o
 .rela.text._svfprintf_r
                0x0000000000006434        0x0 ./User/ch32h417_it.o
 .rela.text._vfprintf_r
                0x0000000000006434        0x0 ./User/ch32h417_it.o

.highcodelalign1
                0x0000000000006434        0x0
                0x0000000000006434                . = ALIGN (0x4)
                0x0000000000006434                PROVIDE (_highcode_lma1 = .)

.fini           0x00000000201062c4        0x0 load address 0x0000000000006434
                0x00000000201062c4                . = ALIGN (0x4)
                0x00000000201062c4                PROVIDE (_highcode_vma_start1 = .)
 *(SORT_NONE(.fini))
                0x00000000201062c4                . = ALIGN (0x4)
                [!provide]                        PROVIDE (_etext = .)
                [!provide]                        PROVIDE (_eitcm = .)

.preinit_array  0x00000000201062c4        0x0 load address 0x0000000000006434
                [!provide]                        PROVIDE (__preinit_array_start = .)
 *(.preinit_array)
                [!provide]                        PROVIDE (__preinit_array_end = .)

.init_array     0x00000000201062c4        0x0 load address 0x0000000000006434
                [!provide]                        PROVIDE (__init_array_start = .)
 *(SORT_BY_INIT_PRIORITY(.init_array.*) SORT_BY_INIT_PRIORITY(.ctors.*))
 *(.init_array EXCLUDE_FILE(*crtend?.o *crtend.o *crtbegin?.o *crtbegin.o) .ctors)
                [!provide]                        PROVIDE (__init_array_end = .)

.fini_array     0x00000000201062c4        0x0 load address 0x0000000000006434
                [!provide]                        PROVIDE (__fini_array_start = .)
 *(SORT_BY_INIT_PRIORITY(.fini_array.*) SORT_BY_INIT_PRIORITY(.dtors.*))
 *(.fini_array EXCLUDE_FILE(*crtend?.o *crtend.o *crtbegin?.o *crtbegin.o) .dtors)
                [!provide]                        PROVIDE (__fini_array_end = .)

.ctors
 *crtbegin.o(.ctors)
 *crtbegin?.o(.ctors)
 *(EXCLUDE_FILE(*crtend?.o *crtend.o) .ctors)
 *(SORT_BY_NAME(.ctors.*))
 *(.ctors)

.dtors          0x00000000201062c4        0x0 load address 0x0000000000006434
 *crtbegin.o(.dtors)
 *crtbegin?.o(.dtors)
 *(EXCLUDE_FILE(*crtend?.o *crtend.o) .dtors)
 *(SORT_BY_NAME(.dtors.*))
 *(.dtors)
                0x00000000201062c4                . = ALIGN (0x4)
                0x00000000201062c4                PROVIDE (_highcode_vma_end1 = .)

.dalign         0x0000000020110100        0x0 load address 0x0000000000006434
                0x0000000020110100                . = ALIGN (0x4)
                0x0000000020110100                PROVIDE (_data_vma = .)

.dlalign        0x0000000000006434        0x0
                0x0000000000006434                . = ALIGN (0x4)
                0x0000000000006434                PROVIDE (_data_lma = .)

.data           0x0000000020110100      0x238 load address 0x0000000000006434
                0x0000000020110100                . = ALIGN (0x4)
 *(.gnu.linkonce.r.*)
 *(.data .data.*)
 .data.SERDESPLLMULTB
                0x0000000020110100       0x10 ./User/system_ch32h417.o
 .data.HBPrescTB
                0x0000000020110110       0x10 ./User/system_ch32h417.o
 .data.PLLMULTB
                0x0000000020110120       0x20 ./User/system_ch32h417.o
 .data.SERDESPLLMULTable
                0x0000000020110140       0x10 ./Peripheral/src/ch32h417_rcc.o
 .data.HBPrescTable
                0x0000000020110150       0x10 ./Peripheral/src/ch32h417_rcc.o
 .data.PLLMULTable
                0x0000000020110160       0x20 ./Peripheral/src/ch32h417_rcc.o
 .data.impure_data
                0x0000000020110180       0x60 c:/mounriver/mounriver_studio2/resources/app/resources/win32/components/wch/toolchain/risc-v embedded gcc12/bin/../lib/gcc/riscv-wch-elf/12.2.0/../../../../riscv-wch-elf/lib/rv32imac_zba_zbb_zbc_zbs_xw/ilp32\libg_nano.a(lib_a-impure.o)
 *(.gnu.linkonce.d.*)
                0x00000000201101e0                . = ALIGN (0x8)
                0x00000000201109e0                PROVIDE (__global_pointer$ = (. + 0x800))
 *(.sdata .sdata.*)
 .sdata.tempo_scale_pct
                0x00000000201101e0        0x2 ./User/main.o
 *fill*         0x00000000201101e2        0x2 
 .sdata.FPRETB  0x00000000201101e4        0x4 ./User/system_ch32h417.o
 .sdata.SystemCoreClock
                0x00000000201101e8        0x4 ./User/system_ch32h417.o
                0x00000000201101e8                SystemCoreClock
 .sdata.SystemClock
                0x00000000201101ec        0x4 ./User/system_ch32h417.o
                0x00000000201101ec                SystemClock
 .sdata.ADCPRETable
                0x00000000201101f0        0x4 ./Peripheral/src/ch32h417_rcc.o
 .sdata.PPRE2Table
                0x00000000201101f4        0x8 ./Peripheral/src/ch32h417_rcc.o
 .sdata.FPRETable
                0x00000000201101fc        0x4 ./Peripheral/src/ch32h417_rcc.o
 .sdata.curbrk.0
                0x0000000020110200        0x4 ./Debug/debug.o
 .sdata.tiny    0x0000000020110204        0x4 c:/mounriver/mounriver_studio2/resources/app/resources/win32/components/wch/toolchain/risc-v embedded gcc12/bin/../lib/gcc/riscv-wch-elf/12.2.0/../../../../riscv-wch-elf/lib/rv32imac_zba_zbb_zbc_zbs_xw/ilp32\libm_nano.a(lib_a-ef_sqrt.o)
 .sdata.one     0x0000000020110208        0x4 c:/mounriver/mounriver_studio2/resources/app/resources/win32/components/wch/toolchain/risc-v embedded gcc12/bin/../lib/gcc/riscv-wch-elf/12.2.0/../../../../riscv-wch-elf/lib/rv32imac_zba_zbb_zbc_zbs_xw/ilp32\libm_nano.a(lib_a-ef_sqrt.o)
 .sdata._impure_ptr
                0x000000002011020c        0x4 c:/mounriver/mounriver_studio2/resources/app/resources/win32/components/wch/toolchain/risc-v embedded gcc12/bin/../lib/gcc/riscv-wch-elf/12.2.0/../../../../riscv-wch-elf/lib/rv32imac_zba_zbb_zbc_zbs_xw/ilp32\libg_nano.a(lib_a-impure.o)
                0x000000002011020c                _impure_ptr
 *(.sdata2.*)
 *(.gnu.linkonce.s.*)
                0x0000000020110210                . = ALIGN (0x8)
 *(.srodata.cst16)
 *(.srodata.cst8)
 *(.srodata.cst4)
 .srodata.cst4  0x0000000020110210       0x1c ./User/main.o
 .srodata.cst4  0x000000002011022c        0x4 c:/mounriver/mounriver_studio2/resources/app/resources/win32/components/wch/toolchain/risc-v embedded gcc12/bin/../lib/gcc/riscv-wch-elf/12.2.0/../../../../riscv-wch-elf/lib/rv32imac_zba_zbb_zbc_zbs_xw/ilp32\libm_nano.a(lib_a-wf_pow.o)
 .srodata.cst4  0x0000000020110230       0x68 c:/mounriver/mounriver_studio2/resources/app/resources/win32/components/wch/toolchain/risc-v embedded gcc12/bin/../lib/gcc/riscv-wch-elf/12.2.0/../../../../riscv-wch-elf/lib/rv32imac_zba_zbb_zbc_zbs_xw/ilp32\libm_nano.a(lib_a-ef_pow.o)
                                         0x70 (size before relaxing)
 .srodata.cst4  0x0000000020110298       0x20 c:/mounriver/mounriver_studio2/resources/app/resources/win32/components/wch/toolchain/risc-v embedded gcc12/bin/../lib/gcc/riscv-wch-elf/12.2.0/../../../../riscv-wch-elf/lib/rv32imac_zba_zbb_zbc_zbs_xw/ilp32\libm_nano.a(lib_a-ef_rem_pio2.o)
                                         0x24 (size before relaxing)
 .srodata.cst4  0x00000000201102b8       0x1c c:/mounriver/mounriver_studio2/resources/app/resources/win32/components/wch/toolchain/risc-v embedded gcc12/bin/../lib/gcc/riscv-wch-elf/12.2.0/../../../../riscv-wch-elf/lib/rv32imac_zba_zbb_zbc_zbs_xw/ilp32\libm_nano.a(lib_a-kf_cos.o)
                                         0x24 (size before relaxing)
 .srodata.cst4  0x00000000201102d4        0x8 c:/mounriver/mounriver_studio2/resources/app/resources/win32/components/wch/toolchain/risc-v embedded gcc12/bin/../lib/gcc/riscv-wch-elf/12.2.0/../../../../riscv-wch-elf/lib/rv32imac_zba_zbb_zbc_zbs_xw/ilp32\libm_nano.a(lib_a-kf_rem_pio2.o)
                                         0x18 (size before relaxing)
 .srodata.cst4  0x00000000201102dc       0x14 c:/mounriver/mounriver_studio2/resources/app/resources/win32/components/wch/toolchain/risc-v embedded gcc12/bin/../lib/gcc/riscv-wch-elf/12.2.0/../../../../riscv-wch-elf/lib/rv32imac_zba_zbb_zbc_zbs_xw/ilp32\libm_nano.a(lib_a-kf_sin.o)
                                         0x1c (size before relaxing)
 .srodata.cst4  0x00000000201102f0        0x8 c:/mounriver/mounriver_studio2/resources/app/resources/win32/components/wch/toolchain/risc-v embedded gcc12/bin/../lib/gcc/riscv-wch-elf/12.2.0/../../../../riscv-wch-elf/lib/rv32imac_zba_zbb_zbc_zbs_xw/ilp32\libm_nano.a(lib_a-math_errf.o)
                                         0x10 (size before relaxing)
 .srodata.cst4  0x00000000201102f8        0x4 c:/mounriver/mounriver_studio2/resources/app/resources/win32/components/wch/toolchain/risc-v embedded gcc12/bin/../lib/gcc/riscv-wch-elf/12.2.0/../../../../riscv-wch-elf/lib/rv32imac_zba_zbb_zbc_zbs_xw/ilp32\libm_nano.a(lib_a-sf_floor.o)
 .srodata.cst4  0x00000000201102fc       0x14 c:/mounriver/mounriver_studio2/resources/app/resources/win32/components/wch/toolchain/risc-v embedded gcc12/bin/../lib/gcc/riscv-wch-elf/12.2.0/../../../../riscv-wch-elf/lib/rv32imac_zba_zbb_zbc_zbs_xw/ilp32\libm_nano.a(lib_a-sf_scalbn.o)
                                         0x18 (size before relaxing)
 *(.srodata.cst2)
 *(.srodata .srodata.*)
 .srodata.effect_coin
                0x0000000020110310        0x8 ./User/main.o
 .srodata.effect_beep
                0x0000000020110318        0x4 ./User/main.o
 .srodata.dp_l  0x000000002011031c        0x8 c:/mounriver/mounriver_studio2/resources/app/resources/win32/components/wch/toolchain/risc-v embedded gcc12/bin/../lib/gcc/riscv-wch-elf/12.2.0/../../../../riscv-wch-elf/lib/rv32imac_zba_zbb_zbc_zbs_xw/ilp32\libm_nano.a(lib_a-ef_pow.o)
 .srodata.dp_h  0x0000000020110324        0x8 c:/mounriver/mounriver_studio2/resources/app/resources/win32/components/wch/toolchain/risc-v embedded gcc12/bin/../lib/gcc/riscv-wch-elf/12.2.0/../../../../riscv-wch-elf/lib/rv32imac_zba_zbb_zbc_zbs_xw/ilp32\libm_nano.a(lib_a-ef_pow.o)
 .srodata.bp    0x000000002011032c        0x8 c:/mounriver/mounriver_studio2/resources/app/resources/win32/components/wch/toolchain/risc-v embedded gcc12/bin/../lib/gcc/riscv-wch-elf/12.2.0/../../../../riscv-wch-elf/lib/rv32imac_zba_zbb_zbc_zbs_xw/ilp32\libm_nano.a(lib_a-ef_pow.o)
 .srodata._global_impure_ptr
                0x0000000020110334        0x4 c:/mounriver/mounriver_studio2/resources/app/resources/win32/components/wch/toolchain/risc-v embedded gcc12/bin/../lib/gcc/riscv-wch-elf/12.2.0/../../../../riscv-wch-elf/lib/rv32imac_zba_zbb_zbc_zbs_xw/ilp32\libg_nano.a(lib_a-impure.o)
                0x0000000020110334                _global_impure_ptr
                0x0000000020110338                . = ALIGN (0x4)
                0x0000000020110338                PROVIDE (_edata = .)

.bss            0x0000000020110338      0x234 load address 0x000000000000666c
                0x0000000020110338                . = ALIGN (0x4)
                0x0000000020110338                PROVIDE (_sbss = .)
 *(.sbss*)
 .sbss.pitch_offset_semitones
                0x0000000020110338        0x1 ./User/main.o
 *fill*         0x0000000020110339        0x1 
 .sbss.tempo_offset_ms
                0x000000002011033a        0x2 ./User/main.o
 .sbss.env_target
                0x000000002011033c        0x2 ./User/main.o
 .sbss.env_level
                0x000000002011033e        0x2 ./User/main.o
 .sbss.phase_inc
                0x0000000020110340        0x4 ./User/main.o
 .sbss.phase_acc
                0x0000000020110344        0x4 ./User/main.o
 .sbss.HCLKClock
                0x0000000020110348        0x4 ./User/system_ch32h417.o
                0x0000000020110348                HCLKClock
 .sbss.p_ms     0x000000002011034c        0x4 ./Debug/debug.o
 .sbss.p_us     0x0000000020110350        0x2 ./Debug/debug.o
 *fill*         0x0000000020110352        0x2 
 .sbss.__lock___malloc_recursive_mutex
                0x0000000020110354        0x1 c:/mounriver/mounriver_studio2/resources/app/resources/win32/components/wch/toolchain/risc-v embedded gcc12/bin/../lib/gcc/riscv-wch-elf/12.2.0/../../../../riscv-wch-elf/lib/rv32imac_zba_zbb_zbc_zbs_xw/ilp32\libg_nano.a(lib_a-lock.o)
                0x0000000020110354                __lock___malloc_recursive_mutex
 *fill*         0x0000000020110355        0x3 
 .sbss.__lock___sfp_recursive_mutex
                0x0000000020110358        0x1 c:/mounriver/mounriver_studio2/resources/app/resources/win32/components/wch/toolchain/risc-v embedded gcc12/bin/../lib/gcc/riscv-wch-elf/12.2.0/../../../../riscv-wch-elf/lib/rv32imac_zba_zbb_zbc_zbs_xw/ilp32\libg_nano.a(lib_a-lock.o)
                0x0000000020110358                __lock___sfp_recursive_mutex
 *fill*         0x0000000020110359        0x3 
 .sbss.__lock___sinit_recursive_mutex
                0x000000002011035c        0x1 c:/mounriver/mounriver_studio2/resources/app/resources/win32/components/wch/toolchain/risc-v embedded gcc12/bin/../lib/gcc/riscv-wch-elf/12.2.0/../../../../riscv-wch-elf/lib/rv32imac_zba_zbb_zbc_zbs_xw/ilp32\libg_nano.a(lib_a-lock.o)
                0x000000002011035c                __lock___sinit_recursive_mutex
 *fill*         0x000000002011035d        0x3 
 .sbss.__malloc_sbrk_start
                0x0000000020110360        0x4 c:/mounriver/mounriver_studio2/resources/app/resources/win32/components/wch/toolchain/risc-v embedded gcc12/bin/../lib/gcc/riscv-wch-elf/12.2.0/../../../../riscv-wch-elf/lib/rv32imac_zba_zbb_zbc_zbs_xw/ilp32\libg_nano.a(lib_a-nano-mallocr.o)
                0x0000000020110360                __malloc_sbrk_start
 .sbss.__malloc_free_list
                0x0000000020110364        0x4 c:/mounriver/mounriver_studio2/resources/app/resources/win32/components/wch/toolchain/risc-v embedded gcc12/bin/../lib/gcc/riscv-wch-elf/12.2.0/../../../../riscv-wch-elf/lib/rv32imac_zba_zbb_zbc_zbs_xw/ilp32\libg_nano.a(lib_a-nano-mallocr.o)
                0x0000000020110364                __malloc_free_list
 .sbss.errno    0x0000000020110368        0x4 c:/mounriver/mounriver_studio2/resources/app/resources/win32/components/wch/toolchain/risc-v embedded gcc12/bin/../lib/gcc/riscv-wch-elf/12.2.0/../../../../riscv-wch-elf/lib/rv32imac_zba_zbb_zbc_zbs_xw/ilp32\libg_nano.a(lib_a-reent.o)
                0x0000000020110368                errno
 *(.gnu.linkonce.sb.*)
 *(.bss*)
 .bss.sine_table
                0x000000002011036c      0x200 ./User/main.o
 *(.gnu.linkonce.b.*)
 *(COMMON*)
                0x000000002011056c                . = ALIGN (0x4)
                0x000000002011056c                PROVIDE (_ebss = .)
                0x000000002011056c                PROVIDE (_end = _ebss)
                [!provide]                        PROVIDE (end = .)

.stack          0x000000002017f800      0x800
                0x000000002017f800                PROVIDE (_heap_end = .)
                0x000000002017f800                . = ALIGN (0x4)
                [!provide]                        PROVIDE (_susrstack = .)
                0x0000000020180000                . = (. + __stack_size)
 *fill*         0x000000002017f800      0x800 
                0x0000000020180000                PROVIDE (_eusrstack = .)
OUTPUT(SoundEffectGenerator_V3F.elf elf32-littleriscv)

.debug_info     0x0000000000000000     0x9135
 .debug_info    0x0000000000000000      0x3dc ./User/ch32h417_it.o
 .debug_info    0x00000000000003dc     0x1ddd ./User/main.o
 .debug_info    0x00000000000021b9      0x744 ./User/system_ch32h417.o
 .debug_info    0x00000000000028fd       0x23 ./Startup/startup_ch32h417_v3f.o
 .debug_info    0x0000000000002920      0x4bf ./Peripheral/src/ch32h417_dac.o
 .debug_info    0x0000000000002ddf      0xc80 ./Peripheral/src/ch32h417_flash.o
 .debug_info    0x0000000000003a5f      0xb73 ./Peripheral/src/ch32h417_gpio.o
 .debug_info    0x00000000000045d2     0x12b3 ./Peripheral/src/ch32h417_rcc.o
 .debug_info    0x0000000000005885     0x26b1 ./Peripheral/src/ch32h417_tim.o
 .debug_info    0x0000000000007f36      0xb26 ./Peripheral/src/ch32h417_usart.o
 .debug_info    0x0000000000008a5c      0x6d9 ./Debug/debug.o

.debug_abbrev   0x0000000000000000     0x1a77
 .debug_abbrev  0x0000000000000000      0x10f ./User/ch32h417_it.o
 .debug_abbrev  0x000000000000010f      0x49d ./User/main.o
 .debug_abbrev  0x00000000000005ac      0x24a ./User/system_ch32h417.o
 .debug_abbrev  0x00000000000007f6       0x12 ./Startup/startup_ch32h417_v3f.o
 .debug_abbrev  0x0000000000000808      0x1ee ./Peripheral/src/ch32h417_dac.o
 .debug_abbrev  0x00000000000009f6      0x318 ./Peripheral/src/ch32h417_flash.o
 .debug_abbrev  0x0000000000000d0e      0x27a ./Peripheral/src/ch32h417_gpio.o
 .debug_abbrev  0x0000000000000f88      0x36e ./Peripheral/src/ch32h417_rcc.o
 .debug_abbrev  0x00000000000012f6      0x337 ./Peripheral/src/ch32h417_tim.o
 .debug_abbrev  0x000000000000162d      0x210 ./Peripheral/src/ch32h417_usart.o
 .debug_abbrev  0x000000000000183d      0x23a ./Debug/debug.o

.debug_aranges  0x0000000000000000      0x9d0
 .debug_aranges
                0x0000000000000000       0x28 ./User/ch32h417_it.o
 .debug_aranges
                0x0000000000000028       0x38 ./User/main.o
 .debug_aranges
                0x0000000000000060       0x28 ./User/system_ch32h417.o
 .debug_aranges
                0x0000000000000088       0x38 ./Startup/startup_ch32h417_v3f.o
 .debug_aranges
                0x00000000000000c0       0x78 ./Peripheral/src/ch32h417_dac.o
 .debug_aranges
                0x0000000000000138      0x118 ./Peripheral/src/ch32h417_flash.o
 .debug_aranges
                0x0000000000000250       0xa0 ./Peripheral/src/ch32h417_gpio.o
 .debug_aranges
                0x00000000000002f0      0x1f0 ./Peripheral/src/ch32h417_rcc.o
 .debug_aranges
                0x00000000000004e0      0x3a8 ./Peripheral/src/ch32h417_tim.o
 .debug_aranges
                0x0000000000000888      0x100 ./Peripheral/src/ch32h417_usart.o
 .debug_aranges
                0x0000000000000988       0x48 ./Debug/debug.o

.debug_rnglists
                0x0000000000000000      0xc15
 .debug_rnglists
                0x0000000000000000       0x1f ./User/ch32h417_it.o
 .debug_rnglists
                0x000000000000001f      0x16f ./User/main.o
 .debug_rnglists
                0x000000000000018e       0x58 ./User/system_ch32h417.o
 .debug_rnglists
                0x00000000000001e6       0x27 ./Startup/startup_ch32h417_v3f.o
 .debug_rnglists
                0x000000000000020d       0x79 ./Peripheral/src/ch32h417_dac.o
 .debug_rnglists
                0x0000000000000286      0x12d ./Peripheral/src/ch32h417_flash.o
 .debug_rnglists
                0x00000000000003b3       0xa6 ./Peripheral/src/ch32h417_gpio.o
 .debug_rnglists
                0x0000000000000459      0x258 ./Peripheral/src/ch32h417_rcc.o
 .debug_rnglists
                0x00000000000006b1      0x40f ./Peripheral/src/ch32h417_tim.o
 .debug_rnglists
                0x0000000000000ac0      0x112 ./Peripheral/src/ch32h417_usart.o
 .debug_rnglists
                0x0000000000000bd2       0x43 ./Debug/debug.o

.debug_line     0x0000000000000000     0xc41d
 .debug_line    0x0000000000000000       0xdb ./User/ch32h417_it.o
 .debug_line    0x00000000000000db      0xde8 ./User/main.o
 .debug_line    0x0000000000000ec3      0x97f ./User/system_ch32h417.o
 .debug_line    0x0000000000001842      0x257 ./Startup/startup_ch32h417_v3f.o
 .debug_line    0x0000000000001a99      0x580 ./Peripheral/src/ch32h417_dac.o
 .debug_line    0x0000000000002019     0x2579 ./Peripheral/src/ch32h417_flash.o
 .debug_line    0x0000000000004592     0x14f3 ./Peripheral/src/ch32h417_gpio.o
 .debug_line    0x0000000000005a85     0x1bb9 ./Peripheral/src/ch32h417_rcc.o
 .debug_line    0x000000000000763e     0x39c1 ./Peripheral/src/ch32h417_tim.o
 .debug_line    0x000000000000afff      0xeb8 ./Peripheral/src/ch32h417_usart.o
 .debug_line    0x000000000000beb7      0x566 ./Debug/debug.o

.debug_str      0x0000000000000000     0x33d5
 .debug_str     0x0000000000000000      0x265 ./User/ch32h417_it.o
                                        0x2b4 (size before relaxing)
 .debug_str     0x0000000000000265      0xfb2 ./User/main.o
                                       0x12b8 (size before relaxing)
 .debug_str     0x0000000000001217      0x168 ./User/system_ch32h417.o
                                        0x466 (size before relaxing)
 .debug_str     0x000000000000137f       0xa4 ./Startup/startup_ch32h417_v3f.o
 .debug_str     0x0000000000001423      0x186 ./Peripheral/src/ch32h417_dac.o
                                        0x3dd (size before relaxing)
 .debug_str     0x00000000000015a9      0x485 ./Peripheral/src/ch32h417_flash.o
                                        0x6eb (size before relaxing)
 .debug_str     0x0000000000001a2e      0x268 ./Peripheral/src/ch32h417_gpio.o
                                        0x61c (size before relaxing)
 .debug_str     0x0000000000001c96      0x766 ./Peripheral/src/ch32h417_rcc.o
                                        0xd22 (size before relaxing)
 .debug_str     0x00000000000023fc      0xc3e ./Peripheral/src/ch32h417_tim.o
                                       0x1107 (size before relaxing)
 .debug_str     0x000000000000303a      0x345 ./Peripheral/src/ch32h417_usart.o
                                        0x738 (size before relaxing)
 .debug_str     0x000000000000337f       0x56 ./Debug/debug.o
                                        0x540 (size before relaxing)

.debug_line_str
                0x0000000000000000      0x786
 .debug_line_str
                0x0000000000000000      0x1d4 ./User/ch32h417_it.o
                                        0x22d (size before relaxing)
 .debug_line_str
                0x00000000000001d4      0x276 ./User/main.o
                                        0x48a (size before relaxing)
 .debug_line_str
                0x000000000000044a       0x1a ./User/system_ch32h417.o
                                        0x2ef (size before relaxing)
 .debug_line_str
                0x0000000000000464       0x5b ./Startup/startup_ch32h417_v3f.o
                                         0xaf (size before relaxing)
 .debug_line_str
                0x00000000000004bf       0xa5 ./Peripheral/src/ch32h417_dac.o
                                        0x32a (size before relaxing)
 .debug_line_str
                0x0000000000000564       0x6d ./Peripheral/src/ch32h417_flash.o
                                        0x323 (size before relaxing)
 .debug_line_str
                0x00000000000005d1       0x5b ./Peripheral/src/ch32h417_gpio.o
                                        0x33f (size before relaxing)
 .debug_line_str
                0x000000000000062c       0x5a ./Peripheral/src/ch32h417_rcc.o
                                        0x32b (size before relaxing)
 .debug_line_str
                0x0000000000000686       0x5a ./Peripheral/src/ch32h417_tim.o
                                        0x32a (size before relaxing)
 .debug_line_str
                0x00000000000006e0       0x5c ./Peripheral/src/ch32h417_usart.o
                                        0x332 (size before relaxing)
 .debug_line_str
                0x000000000000073c       0x4a ./Debug/debug.o
                                        0x3ff (size before relaxing)

.comment        0x0000000000000000       0x31
 .comment       0x0000000000000000       0x31 ./User/ch32h417_it.o
                                         0x32 (size before relaxing)
 .comment       0x0000000000000031       0x32 ./User/main.o
 .comment       0x0000000000000031       0x32 ./User/system_ch32h417.o
 .comment       0x0000000000000031       0x32 ./Peripheral/src/ch32h417_dac.o
 .comment       0x0000000000000031       0x32 ./Peripheral/src/ch32h417_flash.o
 .comment       0x0000000000000031       0x32 ./Peripheral/src/ch32h417_gpio.o
 .comment       0x0000000000000031       0x32 ./Peripheral/src/ch32h417_rcc.o
 .comment       0x0000000000000031       0x32 ./Peripheral/src/ch32h417_tim.o
 .comment       0x0000000000000031       0x32 ./Peripheral/src/ch32h417_usart.o
 .comment       0x0000000000000031       0x32 ./Debug/debug.o
 .comment       0x0000000000000031       0x32 c:/mounriver/mounriver_studio2/resources/app/resources/win32/components/wch/toolchain/risc-v embedded gcc12/bin/../lib/gcc/riscv-wch-elf/12.2.0/../../../../riscv-wch-elf/lib/rv32imac_zba_zbb_zbc_zbs_xw/ilp32\libm_nano.a(lib_a-sf_sin.o)
 .comment       0x0000000000000031       0x32 c:/mounriver/mounriver_studio2/resources/app/resources/win32/components/wch/toolchain/risc-v embedded gcc12/bin/../lib/gcc/riscv-wch-elf/12.2.0/../../../../riscv-wch-elf/lib/rv32imac_zba_zbb_zbc_zbs_xw/ilp32\libm_nano.a(lib_a-wf_pow.o)
 .comment       0x0000000000000031       0x32 c:/mounriver/mounriver_studio2/resources/app/resources/win32/components/wch/toolchain/risc-v embedded gcc12/bin/../lib/gcc/riscv-wch-elf/12.2.0/../../../../riscv-wch-elf/lib/rv32imac_zba_zbb_zbc_zbs_xw/ilp32\libm_nano.a(lib_a-ef_pow.o)
 .comment       0x0000000000000031       0x32 c:/mounriver/mounriver_studio2/resources/app/resources/win32/components/wch/toolchain/risc-v embedded gcc12/bin/../lib/gcc/riscv-wch-elf/12.2.0/../../../../riscv-wch-elf/lib/rv32imac_zba_zbb_zbc_zbs_xw/ilp32\libm_nano.a(lib_a-ef_rem_pio2.o)
 .comment       0x0000000000000031       0x32 c:/mounriver/mounriver_studio2/resources/app/resources/win32/components/wch/toolchain/risc-v embedded gcc12/bin/../lib/gcc/riscv-wch-elf/12.2.0/../../../../riscv-wch-elf/lib/rv32imac_zba_zbb_zbc_zbs_xw/ilp32\libm_nano.a(lib_a-ef_sqrt.o)
 .comment       0x0000000000000031       0x32 c:/mounriver/mounriver_studio2/resources/app/resources/win32/components/wch/toolchain/risc-v embedded gcc12/bin/../lib/gcc/riscv-wch-elf/12.2.0/../../../../riscv-wch-elf/lib/rv32imac_zba_zbb_zbc_zbs_xw/ilp32\libm_nano.a(lib_a-kf_cos.o)
 .comment       0x0000000000000031       0x32 c:/mounriver/mounriver_studio2/resources/app/resources/win32/components/wch/toolchain/risc-v embedded gcc12/bin/../lib/gcc/riscv-wch-elf/12.2.0/../../../../riscv-wch-elf/lib/rv32imac_zba_zbb_zbc_zbs_xw/ilp32\libm_nano.a(lib_a-kf_rem_pio2.o)
 .comment       0x0000000000000031       0x32 c:/mounriver/mounriver_studio2/resources/app/resources/win32/components/wch/toolchain/risc-v embedded gcc12/bin/../lib/gcc/riscv-wch-elf/12.2.0/../../../../riscv-wch-elf/lib/rv32imac_zba_zbb_zbc_zbs_xw/ilp32\libm_nano.a(lib_a-kf_sin.o)
 .comment       0x0000000000000031       0x32 c:/mounriver/mounriver_studio2/resources/app/resources/win32/components/wch/toolchain/risc-v embedded gcc12/bin/../lib/gcc/riscv-wch-elf/12.2.0/../../../../riscv-wch-elf/lib/rv32imac_zba_zbb_zbc_zbs_xw/ilp32\libm_nano.a(lib_a-math_errf.o)
 .comment       0x0000000000000031       0x32 c:/mounriver/mounriver_studio2/resources/app/resources/win32/components/wch/toolchain/risc-v embedded gcc12/bin/../lib/gcc/riscv-wch-elf/12.2.0/../../../../riscv-wch-elf/lib/rv32imac_zba_zbb_zbc_zbs_xw/ilp32\libm_nano.a(lib_a-sf_fabs.o)
 .comment       0x0000000000000031       0x32 c:/mounriver/mounriver_studio2/resources/app/resources/win32/components/wch/toolchain/risc-v embedded gcc12/bin/../lib/gcc/riscv-wch-elf/12.2.0/../../../../riscv-wch-elf/lib/rv32imac_zba_zbb_zbc_zbs_xw/ilp32\libm_nano.a(lib_a-sf_finite.o)
 .comment       0x0000000000000031       0x32 c:/mounriver/mounriver_studio2/resources/app/resources/win32/components/wch/toolchain/risc-v embedded gcc12/bin/../lib/gcc/riscv-wch-elf/12.2.0/../../../../riscv-wch-elf/lib/rv32imac_zba_zbb_zbc_zbs_xw/ilp32\libm_nano.a(lib_a-sf_floor.o)
 .comment       0x0000000000000031       0x32 c:/mounriver/mounriver_studio2/resources/app/resources/win32/components/wch/toolchain/risc-v embedded gcc12/bin/../lib/gcc/riscv-wch-elf/12.2.0/../../../../riscv-wch-elf/lib/rv32imac_zba_zbb_zbc_zbs_xw/ilp32\libm_nano.a(lib_a-sf_scalbn.o)
 .comment       0x0000000000000031       0x32 c:/mounriver/mounriver_studio2/resources/app/resources/win32/components/wch/toolchain/risc-v embedded gcc12/bin/../lib/gcc/riscv-wch-elf/12.2.0/rv32imac_zba_zbb_zbc_zbs_xw/ilp32\libgcc.a(_udivdi3.o)
 .comment       0x0000000000000031       0x32 c:/mounriver/mounriver_studio2/resources/app/resources/win32/components/wch/toolchain/risc-v embedded gcc12/bin/../lib/gcc/riscv-wch-elf/12.2.0/rv32imac_zba_zbb_zbc_zbs_xw/ilp32\libgcc.a(addsf3.o)
 .comment       0x0000000000000031       0x32 c:/mounriver/mounriver_studio2/resources/app/resources/win32/components/wch/toolchain/risc-v embedded gcc12/bin/../lib/gcc/riscv-wch-elf/12.2.0/rv32imac_zba_zbb_zbc_zbs_xw/ilp32\libgcc.a(divsf3.o)
 .comment       0x0000000000000031       0x32 c:/mounriver/mounriver_studio2/resources/app/resources/win32/components/wch/toolchain/risc-v embedded gcc12/bin/../lib/gcc/riscv-wch-elf/12.2.0/rv32imac_zba_zbb_zbc_zbs_xw/ilp32\libgcc.a(eqsf2.o)
 .comment       0x0000000000000031       0x32 c:/mounriver/mounriver_studio2/resources/app/resources/win32/components/wch/toolchain/risc-v embedded gcc12/bin/../lib/gcc/riscv-wch-elf/12.2.0/rv32imac_zba_zbb_zbc_zbs_xw/ilp32\libgcc.a(gesf2.o)
 .comment       0x0000000000000031       0x32 c:/mounriver/mounriver_studio2/resources/app/resources/win32/components/wch/toolchain/risc-v embedded gcc12/bin/../lib/gcc/riscv-wch-elf/12.2.0/rv32imac_zba_zbb_zbc_zbs_xw/ilp32\libgcc.a(lesf2.o)
 .comment       0x0000000000000031       0x32 c:/mounriver/mounriver_studio2/resources/app/resources/win32/components/wch/toolchain/risc-v embedded gcc12/bin/../lib/gcc/riscv-wch-elf/12.2.0/rv32imac_zba_zbb_zbc_zbs_xw/ilp32\libgcc.a(mulsf3.o)
 .comment       0x0000000000000031       0x32 c:/mounriver/mounriver_studio2/resources/app/resources/win32/components/wch/toolchain/risc-v embedded gcc12/bin/../lib/gcc/riscv-wch-elf/12.2.0/rv32imac_zba_zbb_zbc_zbs_xw/ilp32\libgcc.a(subsf3.o)
 .comment       0x0000000000000031       0x32 c:/mounriver/mounriver_studio2/resources/app/resources/win32/components/wch/toolchain/risc-v embedded gcc12/bin/../lib/gcc/riscv-wch-elf/12.2.0/rv32imac_zba_zbb_zbc_zbs_xw/ilp32\libgcc.a(unordsf2.o)
 .comment       0x0000000000000031       0x32 c:/mounriver/mounriver_studio2/resources/app/resources/win32/components/wch/toolchain/risc-v embedded gcc12/bin/../lib/gcc/riscv-wch-elf/12.2.0/rv32imac_zba_zbb_zbc_zbs_xw/ilp32\libgcc.a(fixsfsi.o)
 .comment       0x0000000000000031       0x32 c:/mounriver/mounriver_studio2/resources/app/resources/win32/components/wch/toolchain/risc-v embedded gcc12/bin/../lib/gcc/riscv-wch-elf/12.2.0/rv32imac_zba_zbb_zbc_zbs_xw/ilp32\libgcc.a(fixunssfsi.o)
 .comment       0x0000000000000031       0x32 c:/mounriver/mounriver_studio2/resources/app/resources/win32/components/wch/toolchain/risc-v embedded gcc12/bin/../lib/gcc/riscv-wch-elf/12.2.0/rv32imac_zba_zbb_zbc_zbs_xw/ilp32\libgcc.a(floatsisf.o)
 .comment       0x0000000000000031       0x32 c:/mounriver/mounriver_studio2/resources/app/resources/win32/components/wch/toolchain/risc-v embedded gcc12/bin/../lib/gcc/riscv-wch-elf/12.2.0/rv32imac_zba_zbb_zbc_zbs_xw/ilp32\libgcc.a(floatunsisf.o)
 .comment       0x0000000000000031       0x32 c:/mounriver/mounriver_studio2/resources/app/resources/win32/components/wch/toolchain/risc-v embedded gcc12/bin/../lib/gcc/riscv-wch-elf/12.2.0/rv32imac_zba_zbb_zbc_zbs_xw/ilp32\libgcc.a(_clz.o)
 .comment       0x0000000000000031       0x32 c:/mounriver/mounriver_studio2/resources/app/resources/win32/components/wch/toolchain/risc-v embedded gcc12/bin/../lib/gcc/riscv-wch-elf/12.2.0/../../../../riscv-wch-elf/lib/rv32imac_zba_zbb_zbc_zbs_xw/ilp32\libg_nano.a(lib_a-errno.o)
 .comment       0x0000000000000031       0x32 c:/mounriver/mounriver_studio2/resources/app/resources/win32/components/wch/toolchain/risc-v embedded gcc12/bin/../lib/gcc/riscv-wch-elf/12.2.0/../../../../riscv-wch-elf/lib/rv32imac_zba_zbb_zbc_zbs_xw/ilp32\libg_nano.a(lib_a-impure.o)
 .comment       0x0000000000000031       0x32 c:/mounriver/mounriver_studio2/resources/app/resources/win32/components/wch/toolchain/risc-v embedded gcc12/bin/../lib/gcc/riscv-wch-elf/12.2.0/../../../../riscv-wch-elf/lib/rv32imac_zba_zbb_zbc_zbs_xw/ilp32\libg_nano.a(lib_a-printf.o)
 .comment       0x0000000000000031       0x32 c:/mounriver/mounriver_studio2/resources/app/resources/win32/components/wch/toolchain/risc-v embedded gcc12/bin/../lib/gcc/riscv-wch-elf/12.2.0/../../../../riscv-wch-elf/lib/rv32imac_zba_zbb_zbc_zbs_xw/ilp32\libg_nano.a(lib_a-vsnprintf.o)
 .comment       0x0000000000000031       0x32 c:/mounriver/mounriver_studio2/resources/app/resources/win32/components/wch/toolchain/risc-v embedded gcc12/bin/../lib/gcc/riscv-wch-elf/12.2.0/../../../../riscv-wch-elf/lib/rv32imac_zba_zbb_zbc_zbs_xw/ilp32\libg_nano.a(lib_a-wbuf.o)
 .comment       0x0000000000000031       0x32 c:/mounriver/mounriver_studio2/resources/app/resources/win32/components/wch/toolchain/risc-v embedded gcc12/bin/../lib/gcc/riscv-wch-elf/12.2.0/../../../../riscv-wch-elf/lib/rv32imac_zba_zbb_zbc_zbs_xw/ilp32\libg_nano.a(lib_a-wsetup.o)
 .comment       0x0000000000000031       0x32 c:/mounriver/mounriver_studio2/resources/app/resources/win32/components/wch/toolchain/risc-v embedded gcc12/bin/../lib/gcc/riscv-wch-elf/12.2.0/../../../../riscv-wch-elf/lib/rv32imac_zba_zbb_zbc_zbs_xw/ilp32\libg_nano.a(lib_a-fflush.o)
 .comment       0x0000000000000031       0x32 c:/mounriver/mounriver_studio2/resources/app/resources/win32/components/wch/toolchain/risc-v embedded gcc12/bin/../lib/gcc/riscv-wch-elf/12.2.0/../../../../riscv-wch-elf/lib/rv32imac_zba_zbb_zbc_zbs_xw/ilp32\libg_nano.a(lib_a-findfp.o)
 .comment       0x0000000000000031       0x32 c:/mounriver/mounriver_studio2/resources/app/resources/win32/components/wch/toolchain/risc-v embedded gcc12/bin/../lib/gcc/riscv-wch-elf/12.2.0/../../../../riscv-wch-elf/lib/rv32imac_zba_zbb_zbc_zbs_xw/ilp32\libg_nano.a(lib_a-fwalk.o)
 .comment       0x0000000000000031       0x32 c:/mounriver/mounriver_studio2/resources/app/resources/win32/components/wch/toolchain/risc-v embedded gcc12/bin/../lib/gcc/riscv-wch-elf/12.2.0/../../../../riscv-wch-elf/lib/rv32imac_zba_zbb_zbc_zbs_xw/ilp32\libg_nano.a(lib_a-lock.o)
 .comment       0x0000000000000031       0x32 c:/mounriver/mounriver_studio2/resources/app/resources/win32/components/wch/toolchain/risc-v embedded gcc12/bin/../lib/gcc/riscv-wch-elf/12.2.0/../../../../riscv-wch-elf/lib/rv32imac_zba_zbb_zbc_zbs_xw/ilp32\libg_nano.a(lib_a-makebuf.o)
 .comment       0x0000000000000031       0x32 c:/mounriver/mounriver_studio2/resources/app/resources/win32/components/wch/toolchain/risc-v embedded gcc12/bin/../lib/gcc/riscv-wch-elf/12.2.0/../../../../riscv-wch-elf/lib/rv32imac_zba_zbb_zbc_zbs_xw/ilp32\libg_nano.a(lib_a-nano-freer.o)